#
# There is insufficient memory for the Java Runtime Environment to continue.
# Native memory allocation (mmap) failed to map 165675008 bytes for G1 virtual space
# Possible reasons:
#   The system is out of physical RAM or swap space
#   The process is running with CompressedOops enabled, and the Java Heap may be blocking the growth of the native heap
# Possible solutions:
#   Reduce memory load on the system
#   Increase physical memory or swap space
#   Check if swap backing store is full
#   Decrease Java heap size (-Xmx/-Xms)
#   Decrease number of Java threads
#   Decrease Java thread stack sizes (-Xss)
#   Set larger code cache with -XX:ReservedCodeCacheSize=
#   JVM is running with Unscaled Compressed Oops mode in which the Java heap is
#     placed in the first 4GB address space. The Java Heap base address is the
#     maximum limit for the native heap growth. Please use -XX:HeapBaseMinAddress
#     to set the Java Heap base and to place the Java Heap above 4GB virtual address.
# This output file may be truncated or incomplete.
#
#  Out of Memory Error (os_windows.cpp:3548), pid=15236, tid=16108
#
# JRE version: Java(TM) SE Runtime Environment (17.0.12+8) (build 17.0.12+8-LTS-286)
# Java VM: Java HotSpot(TM) 64-Bit Server VM (17.0.12+8-LTS-286, mixed mode, emulated-client, sharing, tiered, compressed oops, compressed class ptrs, g1 gc, windows-amd64)
# No core dump will be written. Minidumps are not enabled by default on client versions of Windows
#

---------------  S U M M A R Y ------------

Command Line: -agentlib:jdwp=transport=dt_socket,address=127.0.0.1:64464,suspend=y,server=n -XX:TieredStopAtLevel=1 -Xverify:none -Dspring.output.ansi.enabled=always -javaagent:C:\Users\HP\AppData\Local\JetBrains\IntelliJIdea2021.1\captureAgent\debugger-agent.jar=file:/C:/Users/HP/AppData/Local/Temp/capture.props -Dcom.sun.management.jmxremote -Dspring.jmx.enabled=true -Dspring.liveBeansView.mbeanDomain -Dspring.application.admin.enabled=true -Dfile.encoding=UTF-8 com.online.education.UserMicroserviceApplication

Host: Intel(R) Core(TM) i5-6200U CPU @ 2.30GHz, 4 cores, 7G,  Windows 10 , 64 bit Build 19041 (10.0.19041.5438)
Time: Tue Jul 29 11:02:14 2025 Pakistan Standard Time elapsed time: 20.502000 seconds (0d 0h 0m 20s)

---------------  T H R E A D  ---------------

Current thread (0x0000024f7e989390):  VMThread "VM Thread" [stack: 0x0000007408b00000,0x0000007408c00000] [id=16108]

Stack: [0x0000007408b00000,0x0000007408c00000]
Native frames: (J=compiled Java code, j=interpreted, Vv=VM code, C=native code)
V  [jvm.dll+0x67a04a]
V  [jvm.dll+0x7da4ed]
V  [jvm.dll+0x7dbe33]
V  [jvm.dll+0x7dc4a3]
V  [jvm.dll+0x24508f]
V  [jvm.dll+0x677089]
V  [jvm.dll+0x66bd32]
V  [jvm.dll+0x301fa6]
V  [jvm.dll+0x309546]
V  [jvm.dll+0x359d2e]
V  [jvm.dll+0x359f5f]
V  [jvm.dll+0x2d9078]
V  [jvm.dll+0x2d74ad]
V  [jvm.dll+0x2d6afc]
V  [jvm.dll+0x31a65b]
V  [jvm.dll+0x7e0d9b]
V  [jvm.dll+0x7e1ad4]
V  [jvm.dll+0x7e1fed]
V  [jvm.dll+0x7e23c4]
V  [jvm.dll+0x7e2490]
V  [jvm.dll+0x78abea]
V  [jvm.dll+0x678f35]
C  [ucrtbase.dll+0x21bb2]
C  [KERNEL32.DLL+0x17374]
C  [ntdll.dll+0x4cc91]

VM_Operation (0x00000074085fd290): G1CollectForAllocation, mode: safepoint, requested by thread 0x0000024f712ce2d0


---------------  P R O C E S S  ---------------

Threads class SMR info:
_java_thread_list=0x0000024f4c079900, length=23, elements={
0x0000024f712ce2d0, 0x0000024f7e98e000, 0x0000024f7e98f620, 0x0000024f7e99ffb0,
0x0000024f7e9a2c40, 0x0000024f7e9a4610, 0x0000024f7e9a4fd0, 0x0000024f7e9a5a40,
0x0000024f7e9d1770, 0x0000024f7e97d8b0, 0x0000024f4924ddd0, 0x0000024f4924e530,
0x0000024f492af770, 0x0000024f492984e0, 0x0000024f492afc60, 0x0000024f49898760,
0x0000024f49a2e5e0, 0x0000024f4a654030, 0x0000024f4b14c410, 0x0000024f4b497aa0,
0x0000024f4b61de70, 0x0000024f4b61f2b0, 0x0000024f4b61e890
}

Java Threads: ( => current thread )
  0x0000024f712ce2d0 JavaThread "main" [_thread_blocked, id=23808, stack(0x0000007408500000,0x0000007408600000)]
  0x0000024f7e98e000 JavaThread "Reference Handler" daemon [_thread_blocked, id=7832, stack(0x0000007408c00000,0x0000007408d00000)]
  0x0000024f7e98f620 JavaThread "Finalizer" daemon [_thread_blocked, id=14268, stack(0x0000007408d00000,0x0000007408e00000)]
  0x0000024f7e99ffb0 JavaThread "Signal Dispatcher" daemon [_thread_blocked, id=19420, stack(0x0000007408e00000,0x0000007408f00000)]
  0x0000024f7e9a2c40 JavaThread "Attach Listener" daemon [_thread_blocked, id=22400, stack(0x0000007408f00000,0x0000007409000000)]
  0x0000024f7e9a4610 JavaThread "Service Thread" daemon [_thread_blocked, id=14736, stack(0x0000007409000000,0x0000007409100000)]
  0x0000024f7e9a4fd0 JavaThread "Monitor Deflation Thread" daemon [_thread_blocked, id=760, stack(0x0000007409100000,0x0000007409200000)]
  0x0000024f7e9a5a40 JavaThread "C1 CompilerThread0" daemon [_thread_blocked, id=19712, stack(0x0000007409200000,0x0000007409300000)]
  0x0000024f7e9d1770 JavaThread "Sweeper thread" daemon [_thread_blocked, id=13076, stack(0x0000007409300000,0x0000007409400000)]
  0x0000024f7e97d8b0 JavaThread "Common-Cleaner" daemon [_thread_blocked, id=24052, stack(0x0000007409400000,0x0000007409500000)]
  0x0000024f4924ddd0 JavaThread "C1 CompilerThread1" daemon [_thread_blocked, id=22232, stack(0x0000007409500000,0x0000007409600000)]
  0x0000024f4924e530 JavaThread "C1 CompilerThread2" daemon [_thread_blocked, id=11136, stack(0x0000007409600000,0x0000007409700000)]
  0x0000024f492af770 JavaThread "JDWP Transport Listener: dt_socket" daemon [_thread_blocked, id=5924, stack(0x0000007409700000,0x0000007409800000)]
  0x0000024f492984e0 JavaThread "JDWP Event Helper Thread" daemon [_thread_blocked, id=16360, stack(0x0000007409800000,0x0000007409900000)]
  0x0000024f492afc60 JavaThread "JDWP Command Reader" daemon [_thread_in_native, id=15780, stack(0x0000007409900000,0x0000007409a00000)]
  0x0000024f49898760 JavaThread "Notification Thread" daemon [_thread_blocked, id=21048, stack(0x0000007409a00000,0x0000007409b00000)]
  0x0000024f49a2e5e0 JavaThread "RMI TCP Accept-0" daemon [_thread_in_native, id=692, stack(0x0000007409f00000,0x000000740a000000)]
  0x0000024f4a654030 JavaThread "Keep-Alive-Timer" daemon [_thread_blocked, id=16100, stack(0x000000740a200000,0x000000740a300000)]
  0x0000024f4b14c410 JavaThread "mysql-cj-abandoned-connection-cleanup" daemon [_thread_blocked, id=16420, stack(0x000000740a300000,0x000000740a400000)]
  0x0000024f4b497aa0 JavaThread "HikariPool-1 housekeeper" daemon [_thread_blocked, id=20816, stack(0x000000740a400000,0x000000740a500000)]
  0x0000024f4b61de70 JavaThread "Catalina-utility-1" [_thread_blocked, id=24076, stack(0x000000740a600000,0x000000740a700000)]
  0x0000024f4b61f2b0 JavaThread "Catalina-utility-2" [_thread_blocked, id=9304, stack(0x000000740a700000,0x000000740a800000)]
  0x0000024f4b61e890 JavaThread "container-0" [_thread_blocked, id=7536, stack(0x000000740a800000,0x000000740a900000)]

Other Threads:
=>0x0000024f7e989390 VMThread "VM Thread" [stack: 0x0000007408b00000,0x0000007408c00000] [id=16108]
  0x0000024f712cf1a0 WatcherThread [stack: 0x000000740a000000,0x000000740a100000] [id=22132]
  0x0000024f71328b40 GCTaskThread "GC Thread#0" [stack: 0x0000007408600000,0x0000007408700000] [id=3176]
  0x0000024f49935030 GCTaskThread "GC Thread#1" [stack: 0x0000007409b00000,0x0000007409c00000] [id=9904]
  0x0000024f499352f0 GCTaskThread "GC Thread#2" [stack: 0x0000007409c00000,0x0000007409d00000] [id=18284]
  0x0000024f4994b680 GCTaskThread "GC Thread#3" [stack: 0x0000007409d00000,0x0000007409e00000] [id=9276]
  0x0000024f71339710 ConcurrentGCThread "G1 Main Marker" [stack: 0x0000007408700000,0x0000007408800000] [id=15896]
  0x0000024f7133a130 ConcurrentGCThread "G1 Conc#0" [stack: 0x0000007408800000,0x0000007408900000] [id=11656]
  0x0000024f7138d7f0 ConcurrentGCThread "G1 Refine#0" [stack: 0x0000007408900000,0x0000007408a00000] [id=23928]
  0x0000024f49326000 ConcurrentGCThread "G1 Refine#1" [stack: 0x0000007409e00000,0x0000007409f00000] [id=18228]
  0x0000024f7138e220 ConcurrentGCThread "G1 Service" [stack: 0x0000007408a00000,0x0000007408b00000] [id=24112]

Threads with active compile tasks:

VM state: at safepoint (normal execution)

VM Mutex/Monitor currently owned by a thread:  ([mutex/lock_event])
[0x0000024f712ca730] Threads_lock - owner thread: 0x0000024f7e989390
[0x0000024f712ca970] Heap_lock - owner thread: 0x0000024f712ce2d0

Heap address: 0x0000000081c00000, size: 2020 MB, Compressed Oops mode: 32-bit

CDS archive(s) mapped at: [0x0000024f04000000-0x0000024f04bd0000-0x0000024f04bd0000), size 12386304, SharedBaseAddress: 0x0000024f04000000, ArchiveRelocationMode: 1.
Compressed class space mapped at: 0x0000024f05000000-0x0000024f45000000, reserved size: 1073741824
Narrow klass base: 0x0000024f04000000, Narrow klass shift: 0, Narrow klass range: 0x100000000

GC Precious Log:
 CPUs: 4 total, 4 available
 Memory: 8072M
 Large Page Support: Disabled
 NUMA Support: Disabled
 Compressed Oops: Enabled (32-bit)
 Heap Region Size: 1M
 Heap Min Capacity: 8M
 Heap Initial Capacity: 128M
 Heap Max Capacity: 2020M
 Pre-touch: Disabled
 Parallel Workers: 4
 Concurrent Workers: 1
 Concurrent Refinement Workers: 4
 Periodic GC: Disabled

Heap:
 garbage-first heap   total 181248K, used 76179K [0x0000000081c00000, 0x0000000100000000)
  region size 1024K, 1 young (1024K), 1 survivors (1024K)
 Metaspace       used 67334K, committed 67840K, reserved 1114112K
  class space    used 9174K, committed 9408K, reserved 1048576K

Heap Regions: E=young(eden), S=young(survivor), O=old, HS=humongous(starts), HC=humongous(continues), CS=collection set, F=free, OA=open archive, CA=closed archive, TAMS=top-at-mark-start (previous, next)
|   0|0x0000000081c00000, 0x0000000081d00000, 0x0000000081d00000|100%| O|  |TAMS 0x0000000081d00000, 0x0000000081c00000| Untracked 
|   1|0x0000000081d00000, 0x0000000081e00000, 0x0000000081e00000|100%|HS|  |TAMS 0x0000000081e00000, 0x0000000081d00000| Complete 
|   2|0x0000000081e00000, 0x0000000081f00000, 0x0000000081f00000|100%| O|  |TAMS 0x0000000081f00000, 0x0000000081e00000| Untracked 
|   3|0x0000000081f00000, 0x0000000082000000, 0x0000000082000000|100%| O|  |TAMS 0x0000000082000000, 0x0000000081f00000| Untracked 
|   4|0x0000000082000000, 0x0000000082100000, 0x0000000082100000|100%| O|  |TAMS 0x0000000082100000, 0x0000000082000000| Untracked 
|   5|0x0000000082100000, 0x0000000082200000, 0x0000000082200000|100%| O|  |TAMS 0x0000000082200000, 0x0000000082100000| Untracked 
|   6|0x0000000082200000, 0x0000000082300000, 0x0000000082300000|100%| O|  |TAMS 0x0000000082300000, 0x0000000082200000| Untracked 
|   7|0x0000000082300000, 0x0000000082400000, 0x0000000082400000|100%| O|  |TAMS 0x0000000082400000, 0x0000000082300000| Untracked 
|   8|0x0000000082400000, 0x0000000082500000, 0x0000000082500000|100%| O|  |TAMS 0x0000000082500000, 0x0000000082400000| Untracked 
|   9|0x0000000082500000, 0x0000000082600000, 0x0000000082600000|100%| O|  |TAMS 0x0000000082600000, 0x0000000082500000| Untracked 
|  10|0x0000000082600000, 0x0000000082700000, 0x0000000082700000|100%| O|  |TAMS 0x0000000082700000, 0x0000000082600000| Untracked 
|  11|0x0000000082700000, 0x0000000082800000, 0x0000000082800000|100%| O|  |TAMS 0x0000000082800000, 0x0000000082700000| Untracked 
|  12|0x0000000082800000, 0x0000000082900000, 0x0000000082900000|100%| O|  |TAMS 0x0000000082900000, 0x0000000082800000| Untracked 
|  13|0x0000000082900000, 0x0000000082a00000, 0x0000000082a00000|100%| O|  |TAMS 0x0000000082a00000, 0x0000000082900000| Untracked 
|  14|0x0000000082a00000, 0x0000000082b00000, 0x0000000082b00000|100%| O|  |TAMS 0x0000000082b00000, 0x0000000082a00000| Untracked 
|  15|0x0000000082b00000, 0x0000000082c00000, 0x0000000082c00000|100%| O|  |TAMS 0x0000000082c00000, 0x0000000082b00000| Untracked 
|  16|0x0000000082c00000, 0x0000000082d00000, 0x0000000082d00000|100%| O|  |TAMS 0x0000000082d00000, 0x0000000082c00000| Untracked 
|  17|0x0000000082d00000, 0x0000000082e00000, 0x0000000082e00000|100%| O|  |TAMS 0x0000000082e00000, 0x0000000082d00000| Untracked 
|  18|0x0000000082e00000, 0x0000000082f00000, 0x0000000082f00000|100%| O|  |TAMS 0x0000000082f00000, 0x0000000082e00000| Untracked 
|  19|0x0000000082f00000, 0x0000000083000000, 0x0000000083000000|100%| O|  |TAMS 0x0000000083000000, 0x0000000082f00000| Untracked 
|  20|0x0000000083000000, 0x0000000083000000, 0x0000000083100000|  0%| F|  |TAMS 0x0000000083000000, 0x0000000083000000| Untracked 
|  21|0x0000000083100000, 0x0000000083200000, 0x0000000083200000|100%| O|  |TAMS 0x0000000083200000, 0x0000000083100000| Untracked 
|  22|0x0000000083200000, 0x0000000083300000, 0x0000000083300000|100%| O|  |TAMS 0x0000000083300000, 0x0000000083200000| Untracked 
|  23|0x0000000083300000, 0x0000000083400000, 0x0000000083400000|100%| O|  |TAMS 0x0000000083400000, 0x0000000083300000| Untracked 
|  24|0x0000000083400000, 0x0000000083500000, 0x0000000083500000|100%| O|  |TAMS 0x0000000083500000, 0x0000000083400000| Untracked 
|  25|0x0000000083500000, 0x0000000083500000, 0x0000000083600000|  0%| F|  |TAMS 0x0000000083500000, 0x0000000083500000| Untracked 
|  26|0x0000000083600000, 0x0000000083700000, 0x0000000083700000|100%| O|  |TAMS 0x0000000083700000, 0x0000000083600000| Untracked 
|  27|0x0000000083700000, 0x0000000083800000, 0x0000000083800000|100%| O|  |TAMS 0x0000000083800000, 0x0000000083700000| Untracked 
|  28|0x0000000083800000, 0x0000000083900000, 0x0000000083900000|100%| O|  |TAMS 0x0000000083900000, 0x0000000083800000| Untracked 
|  29|0x0000000083900000, 0x0000000083900000, 0x0000000083a00000|  0%| F|  |TAMS 0x0000000083900000, 0x0000000083900000| Untracked 
|  30|0x0000000083a00000, 0x0000000083b00000, 0x0000000083b00000|100%| O|  |TAMS 0x0000000083b00000, 0x0000000083a00000| Untracked 
|  31|0x0000000083b00000, 0x0000000083c00000, 0x0000000083c00000|100%| O|  |TAMS 0x0000000083c00000, 0x0000000083b00000| Untracked 
|  32|0x0000000083c00000, 0x0000000083d00000, 0x0000000083d00000|100%| O|  |TAMS 0x0000000083d00000, 0x0000000083c00000| Untracked 
|  33|0x0000000083d00000, 0x0000000083e00000, 0x0000000083e00000|100%| O|  |TAMS 0x0000000083e00000, 0x0000000083d00000| Untracked 
|  34|0x0000000083e00000, 0x0000000083f00000, 0x0000000083f00000|100%| O|  |TAMS 0x0000000083f00000, 0x0000000083e00000| Untracked 
|  35|0x0000000083f00000, 0x0000000084000000, 0x0000000084000000|100%| O|  |TAMS 0x0000000084000000, 0x0000000083f00000| Untracked 
|  36|0x0000000084000000, 0x0000000084100000, 0x0000000084100000|100%| O|  |TAMS 0x0000000084100000, 0x0000000084000000| Untracked 
|  37|0x0000000084100000, 0x0000000084200000, 0x0000000084200000|100%| O|  |TAMS 0x0000000084200000, 0x0000000084100000| Untracked 
|  38|0x0000000084200000, 0x0000000084300000, 0x0000000084300000|100%| O|  |TAMS 0x0000000084300000, 0x0000000084200000| Untracked 
|  39|0x0000000084300000, 0x0000000084400000, 0x0000000084400000|100%| O|  |TAMS 0x0000000084400000, 0x0000000084300000| Untracked 
|  40|0x0000000084400000, 0x0000000084500000, 0x0000000084500000|100%| O|  |TAMS 0x0000000084500000, 0x0000000084400000| Untracked 
|  41|0x0000000084500000, 0x0000000084500000, 0x0000000084600000|  0%| F|  |TAMS 0x0000000084500000, 0x0000000084500000| Untracked 
|  42|0x0000000084600000, 0x0000000084700000, 0x0000000084700000|100%| O|  |TAMS 0x0000000084600000, 0x0000000084600000| Untracked 
|  43|0x0000000084700000, 0x0000000084800000, 0x0000000084800000|100%| O|  |TAMS 0x0000000084700000, 0x0000000084700000| Untracked 
|  44|0x0000000084800000, 0x0000000084900000, 0x0000000084900000|100%| O|  |TAMS 0x0000000084800000, 0x0000000084800000| Untracked 
|  45|0x0000000084900000, 0x0000000084900000, 0x0000000084a00000|  0%| F|  |TAMS 0x0000000084900000, 0x0000000084900000| Untracked 
|  46|0x0000000084a00000, 0x0000000084b00000, 0x0000000084b00000|100%| O|  |TAMS 0x0000000084b00000, 0x0000000084a00000| Untracked 
|  47|0x0000000084b00000, 0x0000000084b00000, 0x0000000084c00000|  0%| F|  |TAMS 0x0000000084b00000, 0x0000000084b00000| Untracked 
|  48|0x0000000084c00000, 0x0000000084d00000, 0x0000000084d00000|100%| O|  |TAMS 0x0000000084c00000, 0x0000000084c00000| Untracked 
|  49|0x0000000084d00000, 0x0000000084e00000, 0x0000000084e00000|100%| O|  |TAMS 0x0000000084d00000, 0x0000000084d00000| Untracked 
|  50|0x0000000084e00000, 0x0000000084f00000, 0x0000000084f00000|100%| O|  |TAMS 0x0000000084e00000, 0x0000000084e00000| Untracked 
|  51|0x0000000084f00000, 0x0000000084f00000, 0x0000000085000000|  0%| F|  |TAMS 0x0000000084f00000, 0x0000000084f00000| Untracked 
|  52|0x0000000085000000, 0x0000000085000000, 0x0000000085100000|  0%| F|  |TAMS 0x0000000085000000, 0x0000000085000000| Untracked 
|  53|0x0000000085100000, 0x0000000085100000, 0x0000000085200000|  0%| F|  |TAMS 0x0000000085100000, 0x0000000085100000| Untracked 
|  54|0x0000000085200000, 0x0000000085300000, 0x0000000085300000|100%| O|  |TAMS 0x0000000085200000, 0x0000000085200000| Untracked 
|  55|0x0000000085300000, 0x0000000085300000, 0x0000000085400000|  0%| F|  |TAMS 0x0000000085300000, 0x0000000085300000| Untracked 
|  56|0x0000000085400000, 0x0000000085500000, 0x0000000085500000|100%| O|  |TAMS 0x0000000085400000, 0x0000000085400000| Untracked 
|  57|0x0000000085500000, 0x0000000085500000, 0x0000000085600000|  0%| F|  |TAMS 0x0000000085500000, 0x0000000085500000| Untracked 
|  58|0x0000000085600000, 0x0000000085600000, 0x0000000085700000|  0%| F|  |TAMS 0x0000000085600000, 0x0000000085600000| Untracked 
|  59|0x0000000085700000, 0x0000000085700000, 0x0000000085800000|  0%| F|  |TAMS 0x0000000085700000, 0x0000000085700000| Untracked 
|  60|0x0000000085800000, 0x0000000085900000, 0x0000000085900000|100%| O|  |TAMS 0x0000000085800000, 0x0000000085800000| Untracked 
|  61|0x0000000085900000, 0x0000000085a00000, 0x0000000085a00000|100%| O|  |TAMS 0x0000000085a00000, 0x0000000085900000| Complete 
|  62|0x0000000085a00000, 0x0000000085b00000, 0x0000000085b00000|100%| O|  |TAMS 0x0000000085a00000, 0x0000000085a00000| Untracked 
|  63|0x0000000085b00000, 0x0000000085b00000, 0x0000000085c00000|  0%| F|  |TAMS 0x0000000085b00000, 0x0000000085b00000| Untracked 
|  64|0x0000000085c00000, 0x0000000085d00000, 0x0000000085d00000|100%| O|  |TAMS 0x0000000085d00000, 0x0000000085c00000| Untracked 
|  65|0x0000000085d00000, 0x0000000085e00000, 0x0000000085e00000|100%| O|  |TAMS 0x0000000085e00000, 0x0000000085d00000| Untracked 
|  66|0x0000000085e00000, 0x0000000085f00000, 0x0000000085f00000|100%| O|  |TAMS 0x0000000085f00000, 0x0000000085e00000| Untracked 
|  67|0x0000000085f00000, 0x0000000086000000, 0x0000000086000000|100%| O|  |TAMS 0x0000000086000000, 0x0000000085f00000| Untracked 
|  68|0x0000000086000000, 0x0000000086100000, 0x0000000086100000|100%| O|  |TAMS 0x0000000086100000, 0x0000000086000000| Untracked 
|  69|0x0000000086100000, 0x0000000086200000, 0x0000000086200000|100%| O|  |TAMS 0x0000000086200000, 0x0000000086100000| Complete 
|  70|0x0000000086200000, 0x0000000086300000, 0x0000000086300000|100%| O|  |TAMS 0x0000000086300000, 0x0000000086200000| Untracked 
|  71|0x0000000086300000, 0x0000000086400000, 0x0000000086400000|100%| O|  |TAMS 0x0000000086400000, 0x0000000086300000| Untracked 
|  72|0x0000000086400000, 0x0000000086400000, 0x0000000086500000|  0%| F|  |TAMS 0x0000000086400000, 0x0000000086400000| Untracked 
|  73|0x0000000086500000, 0x0000000086600000, 0x0000000086600000|100%| O|  |TAMS 0x0000000086600000, 0x0000000086500000| Untracked 
|  74|0x0000000086600000, 0x0000000086700000, 0x0000000086700000|100%| O|  |TAMS 0x0000000086700000, 0x0000000086600000| Untracked 
|  75|0x0000000086700000, 0x0000000086800000, 0x0000000086800000|100%| O|  |TAMS 0x0000000086800000, 0x0000000086700000| Untracked 
|  76|0x0000000086800000, 0x0000000086800000, 0x0000000086900000|  0%| F|  |TAMS 0x0000000086800000, 0x0000000086800000| Untracked 
|  77|0x0000000086900000, 0x0000000086a00000, 0x0000000086a00000|100%| O|  |TAMS 0x0000000086a00000, 0x0000000086900000| Complete 
|  78|0x0000000086a00000, 0x0000000086b00000, 0x0000000086b00000|100%| O|  |TAMS 0x0000000086b00000, 0x0000000086a00000| Untracked 
|  79|0x0000000086b00000, 0x0000000086c00000, 0x0000000086c00000|100%| O|  |TAMS 0x0000000086c00000, 0x0000000086b00000| Untracked 
|  80|0x0000000086c00000, 0x0000000086d00000, 0x0000000086d00000|100%| O|  |TAMS 0x0000000086d00000, 0x0000000086c00000| Complete 
|  81|0x0000000086d00000, 0x0000000086d00000, 0x0000000086e00000|  0%| F|  |TAMS 0x0000000086d00000, 0x0000000086d00000| Untracked 
|  82|0x0000000086e00000, 0x0000000086e00000, 0x0000000086f00000|  0%| F|  |TAMS 0x0000000086e00000, 0x0000000086e00000| Untracked 
|  83|0x0000000086f00000, 0x0000000087000000, 0x0000000087000000|100%| O|  |TAMS 0x0000000086f00000, 0x0000000086f00000| Untracked 
|  84|0x0000000087000000, 0x0000000087100000, 0x0000000087100000|100%| O|  |TAMS 0x0000000087000000, 0x0000000087000000| Untracked 
|  85|0x0000000087100000, 0x0000000087200000, 0x0000000087200000|100%| O|  |TAMS 0x0000000087100000, 0x0000000087100000| Untracked 
|  86|0x0000000087200000, 0x0000000087300000, 0x0000000087300000|100%| O|  |TAMS 0x0000000087200000, 0x0000000087200000| Untracked 
|  87|0x0000000087300000, 0x0000000087400000, 0x0000000087400000|100%| O|  |TAMS 0x0000000087300000, 0x0000000087300000| Untracked 
|  88|0x0000000087400000, 0x0000000087500000, 0x0000000087500000|100%| O|  |TAMS 0x0000000087400000, 0x0000000087400000| Untracked 
|  89|0x0000000087500000, 0x0000000087600000, 0x0000000087600000|100%| O|  |TAMS 0x0000000087500000, 0x0000000087500000| Untracked 
|  90|0x0000000087600000, 0x0000000087700000, 0x0000000087700000|100%| O|  |TAMS 0x0000000087600000, 0x0000000087600000| Untracked 
|  91|0x0000000087700000, 0x0000000087782200, 0x0000000087800000| 50%| O|  |TAMS 0x0000000087700000, 0x0000000087700000| Untracked 
|  92|0x0000000087800000, 0x0000000087800000, 0x0000000087900000|  0%| F|  |TAMS 0x0000000087800000, 0x0000000087800000| Untracked 
|  93|0x0000000087900000, 0x0000000087900000, 0x0000000087a00000|  0%| F|  |TAMS 0x0000000087900000, 0x0000000087900000| Untracked 
|  94|0x0000000087a00000, 0x0000000087a00000, 0x0000000087b00000|  0%| F|  |TAMS 0x0000000087a00000, 0x0000000087a00000| Untracked 
|  95|0x0000000087b00000, 0x0000000087b00000, 0x0000000087c00000|  0%| F|  |TAMS 0x0000000087b00000, 0x0000000087b00000| Untracked 
|  96|0x0000000087c00000, 0x0000000087c00000, 0x0000000087d00000|  0%| F|  |TAMS 0x0000000087c00000, 0x0000000087c00000| Untracked 
|  97|0x0000000087d00000, 0x0000000087d00000, 0x0000000087e00000|  0%| F|  |TAMS 0x0000000087d00000, 0x0000000087d00000| Untracked 
|  98|0x0000000087e00000, 0x0000000087e00000, 0x0000000087f00000|  0%| F|  |TAMS 0x0000000087e00000, 0x0000000087e00000| Untracked 
|  99|0x0000000087f00000, 0x0000000087f00000, 0x0000000088000000|  0%| F|  |TAMS 0x0000000087f00000, 0x0000000087f00000| Untracked 
| 100|0x0000000088000000, 0x0000000088000000, 0x0000000088100000|  0%| F|  |TAMS 0x0000000088000000, 0x0000000088000000| Untracked 
| 101|0x0000000088100000, 0x0000000088100000, 0x0000000088200000|  0%| F|  |TAMS 0x0000000088100000, 0x0000000088100000| Untracked 
| 102|0x0000000088200000, 0x0000000088200000, 0x0000000088300000|  0%| F|  |TAMS 0x0000000088200000, 0x0000000088200000| Untracked 
| 103|0x0000000088300000, 0x0000000088300000, 0x0000000088400000|  0%| F|  |TAMS 0x0000000088300000, 0x0000000088300000| Untracked 
| 104|0x0000000088400000, 0x0000000088400000, 0x0000000088500000|  0%| F|  |TAMS 0x0000000088400000, 0x0000000088400000| Untracked 
| 105|0x0000000088500000, 0x0000000088500000, 0x0000000088600000|  0%| F|  |TAMS 0x0000000088500000, 0x0000000088500000| Untracked 
| 106|0x0000000088600000, 0x0000000088600000, 0x0000000088700000|  0%| F|  |TAMS 0x0000000088600000, 0x0000000088600000| Untracked 
| 107|0x0000000088700000, 0x0000000088700000, 0x0000000088800000|  0%| F|  |TAMS 0x0000000088700000, 0x0000000088700000| Untracked 
| 108|0x0000000088800000, 0x0000000088800000, 0x0000000088900000|  0%| F|  |TAMS 0x0000000088800000, 0x0000000088800000| Untracked 
| 109|0x0000000088900000, 0x0000000088900000, 0x0000000088a00000|  0%| F|  |TAMS 0x0000000088900000, 0x0000000088900000| Untracked 
| 110|0x0000000088a00000, 0x0000000088a00000, 0x0000000088b00000|  0%| F|  |TAMS 0x0000000088a00000, 0x0000000088a00000| Untracked 
| 111|0x0000000088b00000, 0x0000000088b00000, 0x0000000088c00000|  0%| F|  |TAMS 0x0000000088b00000, 0x0000000088b00000| Untracked 
| 112|0x0000000088c00000, 0x0000000088c00000, 0x0000000088d00000|  0%| F|  |TAMS 0x0000000088c00000, 0x0000000088c00000| Untracked 
| 113|0x0000000088d00000, 0x0000000088d00000, 0x0000000088e00000|  0%| F|  |TAMS 0x0000000088d00000, 0x0000000088d00000| Untracked 
| 114|0x0000000088e00000, 0x0000000088e00000, 0x0000000088f00000|  0%| F|  |TAMS 0x0000000088e00000, 0x0000000088e00000| Untracked 
| 115|0x0000000088f00000, 0x0000000088f00000, 0x0000000089000000|  0%| F|  |TAMS 0x0000000088f00000, 0x0000000088f00000| Untracked 
| 116|0x0000000089000000, 0x0000000089000000, 0x0000000089100000|  0%| F|  |TAMS 0x0000000089000000, 0x0000000089000000| Untracked 
| 117|0x0000000089100000, 0x0000000089100000, 0x0000000089200000|  0%| F|  |TAMS 0x0000000089100000, 0x0000000089100000| Untracked 
| 118|0x0000000089200000, 0x0000000089200000, 0x0000000089300000|  0%| F|  |TAMS 0x0000000089200000, 0x0000000089200000| Untracked 
| 119|0x0000000089300000, 0x0000000089300000, 0x0000000089400000|  0%| F|  |TAMS 0x0000000089300000, 0x0000000089300000| Untracked 
| 120|0x0000000089400000, 0x0000000089400000, 0x0000000089500000|  0%| F|  |TAMS 0x0000000089400000, 0x0000000089400000| Untracked 
| 121|0x0000000089500000, 0x0000000089500000, 0x0000000089600000|  0%| F|  |TAMS 0x0000000089500000, 0x0000000089500000| Untracked 
| 122|0x0000000089600000, 0x0000000089600000, 0x0000000089700000|  0%| F|  |TAMS 0x0000000089600000, 0x0000000089600000| Untracked 
| 123|0x0000000089700000, 0x0000000089700000, 0x0000000089800000|  0%| F|  |TAMS 0x0000000089700000, 0x0000000089700000| Untracked 
| 124|0x0000000089800000, 0x0000000089800000, 0x0000000089900000|  0%| F|  |TAMS 0x0000000089800000, 0x0000000089800000| Untracked 
| 125|0x0000000089900000, 0x0000000089900000, 0x0000000089a00000|  0%| F|  |TAMS 0x0000000089900000, 0x0000000089900000| Untracked 
| 126|0x0000000089a00000, 0x0000000089a00000, 0x0000000089b00000|  0%| F|  |TAMS 0x0000000089a00000, 0x0000000089a00000| Untracked 
| 127|0x0000000089b00000, 0x0000000089b00000, 0x0000000089c00000|  0%| F|  |TAMS 0x0000000089b00000, 0x0000000089b00000| Untracked 
| 128|0x0000000089c00000, 0x0000000089c00000, 0x0000000089d00000|  0%| F|  |TAMS 0x0000000089c00000, 0x0000000089c00000| Untracked 
| 129|0x0000000089d00000, 0x0000000089d00000, 0x0000000089e00000|  0%| F|  |TAMS 0x0000000089d00000, 0x0000000089d00000| Untracked 
| 130|0x0000000089e00000, 0x0000000089e00000, 0x0000000089f00000|  0%| F|  |TAMS 0x0000000089e00000, 0x0000000089e00000| Untracked 
| 131|0x0000000089f00000, 0x0000000089f00000, 0x000000008a000000|  0%| F|  |TAMS 0x0000000089f00000, 0x0000000089f00000| Untracked 
| 132|0x000000008a000000, 0x000000008a000000, 0x000000008a100000|  0%| F|  |TAMS 0x000000008a000000, 0x000000008a000000| Untracked 
| 133|0x000000008a100000, 0x000000008a100000, 0x000000008a200000|  0%| F|  |TAMS 0x000000008a100000, 0x000000008a100000| Untracked 
| 134|0x000000008a200000, 0x000000008a200000, 0x000000008a300000|  0%| F|  |TAMS 0x000000008a200000, 0x000000008a200000| Untracked 
| 135|0x000000008a300000, 0x000000008a300000, 0x000000008a400000|  0%| F|  |TAMS 0x000000008a300000, 0x000000008a300000| Untracked 
| 136|0x000000008a400000, 0x000000008a400000, 0x000000008a500000|  0%| F|  |TAMS 0x000000008a400000, 0x000000008a400000| Untracked 
| 137|0x000000008a500000, 0x000000008a500000, 0x000000008a600000|  0%| F|  |TAMS 0x000000008a500000, 0x000000008a500000| Untracked 
| 138|0x000000008a600000, 0x000000008a600000, 0x000000008a700000|  0%| F|  |TAMS 0x000000008a600000, 0x000000008a600000| Untracked 
| 139|0x000000008a700000, 0x000000008a700000, 0x000000008a800000|  0%| F|  |TAMS 0x000000008a700000, 0x000000008a700000| Untracked 
| 140|0x000000008a800000, 0x000000008a800000, 0x000000008a900000|  0%| F|  |TAMS 0x000000008a800000, 0x000000008a800000| Untracked 
| 141|0x000000008a900000, 0x000000008a900000, 0x000000008aa00000|  0%| F|  |TAMS 0x000000008a900000, 0x000000008a900000| Untracked 
| 142|0x000000008aa00000, 0x000000008aa00000, 0x000000008ab00000|  0%| F|  |TAMS 0x000000008aa00000, 0x000000008aa00000| Untracked 
| 143|0x000000008ab00000, 0x000000008ab00000, 0x000000008ac00000|  0%| F|  |TAMS 0x000000008ab00000, 0x000000008ab00000| Untracked 
| 144|0x000000008ac00000, 0x000000008ac00000, 0x000000008ad00000|  0%| F|  |TAMS 0x000000008ac00000, 0x000000008ac00000| Untracked 
| 145|0x000000008ad00000, 0x000000008ad00000, 0x000000008ae00000|  0%| F|  |TAMS 0x000000008ad00000, 0x000000008ad00000| Untracked 
| 146|0x000000008ae00000, 0x000000008ae00000, 0x000000008af00000|  0%| F|  |TAMS 0x000000008ae00000, 0x000000008ae00000| Untracked 
| 147|0x000000008af00000, 0x000000008af00000, 0x000000008b000000|  0%| F|  |TAMS 0x000000008af00000, 0x000000008af00000| Untracked 
| 148|0x000000008b000000, 0x000000008b000000, 0x000000008b100000|  0%| F|  |TAMS 0x000000008b000000, 0x000000008b000000| Untracked 
| 149|0x000000008b100000, 0x000000008b100000, 0x000000008b200000|  0%| F|  |TAMS 0x000000008b100000, 0x000000008b100000| Untracked 
| 150|0x000000008b200000, 0x000000008b200000, 0x000000008b300000|  0%| F|  |TAMS 0x000000008b200000, 0x000000008b200000| Untracked 
| 151|0x000000008b300000, 0x000000008b300000, 0x000000008b400000|  0%| F|  |TAMS 0x000000008b300000, 0x000000008b300000| Untracked 
| 152|0x000000008b400000, 0x000000008b400000, 0x000000008b500000|  0%| F|  |TAMS 0x000000008b400000, 0x000000008b400000| Untracked 
| 153|0x000000008b500000, 0x000000008b500000, 0x000000008b600000|  0%| F|  |TAMS 0x000000008b500000, 0x000000008b500000| Untracked 
| 154|0x000000008b600000, 0x000000008b600000, 0x000000008b700000|  0%| F|  |TAMS 0x000000008b600000, 0x000000008b600000| Untracked 
| 155|0x000000008b700000, 0x000000008b700000, 0x000000008b800000|  0%| F|  |TAMS 0x000000008b700000, 0x000000008b700000| Untracked 
| 156|0x000000008b800000, 0x000000008b800000, 0x000000008b900000|  0%| F|  |TAMS 0x000000008b800000, 0x000000008b800000| Untracked 
| 157|0x000000008b900000, 0x000000008b900000, 0x000000008ba00000|  0%| F|  |TAMS 0x000000008b900000, 0x000000008b900000| Untracked 
| 158|0x000000008ba00000, 0x000000008ba00000, 0x000000008bb00000|  0%| F|  |TAMS 0x000000008ba00000, 0x000000008ba00000| Untracked 
| 159|0x000000008bb00000, 0x000000008bb00000, 0x000000008bc00000|  0%| F|  |TAMS 0x000000008bb00000, 0x000000008bb00000| Untracked 
| 160|0x000000008bc00000, 0x000000008bc00000, 0x000000008bd00000|  0%| F|  |TAMS 0x000000008bc00000, 0x000000008bc00000| Untracked 
| 161|0x000000008bd00000, 0x000000008bd00000, 0x000000008be00000|  0%| F|  |TAMS 0x000000008bd00000, 0x000000008bd00000| Untracked 
| 162|0x000000008be00000, 0x000000008be00000, 0x000000008bf00000|  0%| F|  |TAMS 0x000000008be00000, 0x000000008be00000| Untracked 
| 163|0x000000008bf00000, 0x000000008bf00000, 0x000000008c000000|  0%| F|  |TAMS 0x000000008bf00000, 0x000000008bf00000| Untracked 
| 164|0x000000008c000000, 0x000000008c000000, 0x000000008c100000|  0%| F|  |TAMS 0x000000008c000000, 0x000000008c000000| Untracked 
| 165|0x000000008c100000, 0x000000008c100000, 0x000000008c200000|  0%| F|  |TAMS 0x000000008c100000, 0x000000008c100000| Untracked 
| 166|0x000000008c200000, 0x000000008c200000, 0x000000008c300000|  0%| F|  |TAMS 0x000000008c200000, 0x000000008c200000| Untracked 
| 167|0x000000008c300000, 0x000000008c300000, 0x000000008c400000|  0%| F|  |TAMS 0x000000008c300000, 0x000000008c300000| Untracked 
| 168|0x000000008c400000, 0x000000008c400000, 0x000000008c500000|  0%| F|  |TAMS 0x000000008c400000, 0x000000008c400000| Untracked 
| 169|0x000000008c500000, 0x000000008c500000, 0x000000008c600000|  0%| F|  |TAMS 0x000000008c500000, 0x000000008c500000| Untracked 
| 170|0x000000008c600000, 0x000000008c600000, 0x000000008c700000|  0%| F|  |TAMS 0x000000008c600000, 0x000000008c600000| Untracked 
| 171|0x000000008c700000, 0x000000008c700000, 0x000000008c800000|  0%| F|  |TAMS 0x000000008c700000, 0x000000008c700000| Untracked 
| 172|0x000000008c800000, 0x000000008c800000, 0x000000008c900000|  0%| F|  |TAMS 0x000000008c800000, 0x000000008c800000| Untracked 
| 173|0x000000008c900000, 0x000000008c9e2b00, 0x000000008ca00000| 88%| S|CS|TAMS 0x000000008c900000, 0x000000008c900000| Complete 
| 174|0x000000008ca00000, 0x000000008ca00000, 0x000000008cb00000|  0%| F|  |TAMS 0x000000008ca00000, 0x000000008ca00000| Untracked 
| 175|0x000000008cb00000, 0x000000008cb00000, 0x000000008cc00000|  0%| F|  |TAMS 0x000000008cb00000, 0x000000008cb00000| Untracked 
| 176|0x000000008cc00000, 0x000000008cc00000, 0x000000008cd00000|  0%| F|  |TAMS 0x000000008cc00000, 0x000000008cc00000| Untracked 

Card table byte_map: [0x0000024f7bf80000,0x0000024f7c380000] _byte_map_base: 0x0000024f7bb72000

Marking Bits (Prev, Next): (CMBitMap*) 0x0000024f713291a0, (CMBitMap*) 0x0000024f71329160
 Prev Bits: [0x0000024f00000000, 0x0000024f01f90000)
 Next Bits: [0x0000024f7c780000, 0x0000024f7e710000)

Polling page: 0x0000024f6f0a0000

Metaspace:

Usage:
  Non-class:     56.80 MB used.
      Class:      8.96 MB used.
       Both:     65.76 MB used.

Virtual space:
  Non-class space:       64.00 MB reserved,      57.06 MB ( 89%) committed,  1 nodes.
      Class space:        1.00 GB reserved,       9.19 MB ( <1%) committed,  1 nodes.
             Both:        1.06 GB reserved,      66.25 MB (  6%) committed. 

Chunk freelists:
   Non-Class:  6.25 MB
       Class:  6.81 MB
        Both:  13.06 MB

MaxMetaspaceSize: unlimited
CompressedClassSpaceSize: 1.00 GB
Initial GC threshold: 21.00 MB
Current GC threshold: 108.44 MB
CDS: on
MetaspaceReclaimPolicy: balanced
 - commit_granule_bytes: 65536.
 - commit_granule_words: 8192.
 - virtual_space_node_default_size: 8388608.
 - enlarge_chunks_in_place: 1.
 - new_chunks_are_fully_committed: 0.
 - uncommit_free_chunks: 1.
 - use_allocation_guard: 0.
 - handle_deallocations: 1.


Internal statistics:

num_allocs_failed_limit: 12.
num_arena_births: 802.
num_arena_deaths: 0.
num_vsnodes_births: 2.
num_vsnodes_deaths: 0.
num_space_committed: 1060.
num_space_uncommitted: 0.
num_chunks_returned_to_freelist: 12.
num_chunks_taken_from_freelist: 3200.
num_chunk_merges: 12.
num_chunk_splits: 2287.
num_chunks_enlarged: 1779.
num_inconsistent_stats: 0.

CodeCache: size=49152Kb used=16731Kb max_used=16731Kb free=32420Kb
 bounds [0x0000024f78b80000, 0x0000024f79be0000, 0x0000024f7bb80000]
 total_blobs=9014 nmethods=8320 adapters=617
 compilation: enabled
              stopped_count=0, restarted_count=0
 full_count=0

Compilation events (20 events):
Event: 20.414 Thread 0x0000024f4924ddd0 8312   !   1       jdk.internal.reflect.GeneratedMethodAccessor2::invoke (63 bytes)
Event: 20.414 Thread 0x0000024f4924ddd0 nmethod 8312 0x0000024f79bd1f90 code [0x0000024f79bd21a0, 0x0000024f79bd25d8]
Event: 20.429 Thread 0x0000024f4924e530 8313       1       org.springframework.beans.factory.annotation.InitDestroyAnnotationBeanPostProcessor::buildLifecycleMetadata (155 bytes)
Event: 20.430 Thread 0x0000024f4924e530 nmethod 8313 0x0000024f79bd2890 code [0x0000024f79bd2ae0, 0x0000024f79bd3508]
Event: 20.447 Thread 0x0000024f4924ddd0 8314       1       org.springframework.beans.factory.InjectionPoint::<init> (16 bytes)
Event: 20.447 Thread 0x0000024f4924ddd0 nmethod 8314 0x0000024f79bd3910 code [0x0000024f79bd3ac0, 0x0000024f79bd3ca8]
Event: 20.447 Thread 0x0000024f4924e530 8315       1       org.springframework.core.ResolvableType::forMethodParameter (9 bytes)
Event: 20.447 Thread 0x0000024f4924ddd0 8316       1       org.springframework.core.ResolvableType::forMethodParameter (17 bytes)
Event: 20.448 Thread 0x0000024f4924ddd0 nmethod 8316 0x0000024f79bd3d90 code [0x0000024f79bd3f40, 0x0000024f79bd40d8]
Event: 20.448 Thread 0x0000024f4924e530 nmethod 8315 0x0000024f79bd4210 code [0x0000024f79bd43c0, 0x0000024f79bd4538]
Event: 20.452 Thread 0x0000024f4924ddd0 8317       1       org.springframework.beans.factory.config.DependencyDescriptor::<init> (8 bytes)
Event: 20.452 Thread 0x0000024f4924e530 8318       1       org.springframework.beans.factory.config.DependencyDescriptor::<init> (74 bytes)
Event: 20.452 Thread 0x0000024f4924ddd0 nmethod 8317 0x0000024f79bd4690 code [0x0000024f79bd4820, 0x0000024f79bd4928]
Event: 20.452 Thread 0x0000024f4924ddd0 8319       1       org.springframework.aop.scope.ScopedProxyFactoryBean::getObjectType (23 bytes)
Event: 20.452 Thread 0x0000024f4924e530 nmethod 8318 0x0000024f79bd4a10 code [0x0000024f79bd4c20, 0x0000024f79bd5098]
Event: 20.453 Thread 0x0000024f4924ddd0 nmethod 8319 0x0000024f79bd5290 code [0x0000024f79bd5440, 0x0000024f79bd5588]
Event: 20.473 Thread 0x0000024f7e9a5a40 8320       1       org.springframework.beans.factory.annotation.QualifierAnnotationAutowireCandidateResolver::checkQualifiers (199 bytes)
Event: 20.473 Thread 0x0000024f4924e530 8321       1       org.springframework.core.MethodParameter::<init> (99 bytes)
Event: 20.474 Thread 0x0000024f4924e530 nmethod 8321 0x0000024f79bd5690 code [0x0000024f79bd5860, 0x0000024f79bd5d88]
Event: 20.474 Thread 0x0000024f7e9a5a40 nmethod 8320 0x0000024f79bd5e90 code [0x0000024f79bd60e0, 0x0000024f79bd6828]

GC Heap History (20 events):
Event: 17.300 GC heap after
{Heap after GC invocations=19 (full 0):
 garbage-first heap   total 110592K, used 34912K [0x0000000081c00000, 0x0000000100000000)
  region size 1024K, 6 young (6144K), 6 survivors (6144K)
 Metaspace       used 61747K, committed 62272K, reserved 1114112K
  class space    used 8448K, committed 8704K, reserved 1048576K
}
Event: 17.747 GC heap before
{Heap before GC invocations=20 (full 0):
 garbage-first heap   total 110592K, used 89184K [0x0000000081c00000, 0x0000000100000000)
  region size 1024K, 59 young (60416K), 6 survivors (6144K)
 Metaspace       used 62219K, committed 62784K, reserved 1114112K
  class space    used 8500K, committed 8768K, reserved 1048576K
}
Event: 17.758 GC heap after
{Heap after GC invocations=21 (full 0):
 garbage-first heap   total 110592K, used 35969K [0x0000000081c00000, 0x0000000100000000)
  region size 1024K, 6 young (6144K), 6 survivors (6144K)
 Metaspace       used 62219K, committed 62784K, reserved 1114112K
  class space    used 8500K, committed 8768K, reserved 1048576K
}
Event: 18.644 GC heap before
{Heap before GC invocations=21 (full 0):
 garbage-first heap   total 110592K, used 90241K [0x0000000081c00000, 0x0000000100000000)
  region size 1024K, 59 young (60416K), 6 survivors (6144K)
 Metaspace       used 65798K, committed 66368K, reserved 1114112K
  class space    used 8967K, committed 9216K, reserved 1048576K
}
Event: 18.660 GC heap after
{Heap after GC invocations=22 (full 0):
 garbage-first heap   total 110592K, used 42123K [0x0000000081c00000, 0x0000000100000000)
  region size 1024K, 8 young (8192K), 8 survivors (8192K)
 Metaspace       used 65798K, committed 66368K, reserved 1114112K
  class space    used 8967K, committed 9216K, reserved 1048576K
}
Event: 19.010 GC heap before
{Heap before GC invocations=22 (full 0):
 garbage-first heap   total 110592K, used 88203K [0x0000000081c00000, 0x0000000100000000)
  region size 1024K, 53 young (54272K), 8 survivors (8192K)
 Metaspace       used 65834K, committed 66368K, reserved 1114112K
  class space    used 8972K, committed 9216K, reserved 1048576K
}
Event: 19.034 GC heap after
{Heap after GC invocations=23 (full 0):
 garbage-first heap   total 110592K, used 52350K [0x0000000081c00000, 0x0000000100000000)
  region size 1024K, 7 young (7168K), 7 survivors (7168K)
 Metaspace       used 65834K, committed 66368K, reserved 1114112K
  class space    used 8972K, committed 9216K, reserved 1048576K
}
Event: 19.196 GC heap before
{Heap before GC invocations=23 (full 0):
 garbage-first heap   total 110592K, used 83070K [0x0000000081c00000, 0x0000000100000000)
  region size 1024K, 37 young (37888K), 7 survivors (7168K)
 Metaspace       used 65904K, committed 66496K, reserved 1114112K
  class space    used 8983K, committed 9280K, reserved 1048576K
}
Event: 19.209 GC heap after
{Heap after GC invocations=24 (full 0):
 garbage-first heap   total 110592K, used 59350K [0x0000000081c00000, 0x0000000100000000)
  region size 1024K, 5 young (5120K), 5 survivors (5120K)
 Metaspace       used 65904K, committed 66496K, reserved 1114112K
  class space    used 8983K, committed 9280K, reserved 1048576K
}
Event: 19.254 GC heap before
{Heap before GC invocations=24 (full 0):
 garbage-first heap   total 110592K, used 66518K [0x0000000081c00000, 0x0000000100000000)
  region size 1024K, 13 young (13312K), 5 survivors (5120K)
 Metaspace       used 65904K, committed 66496K, reserved 1114112K
  class space    used 8983K, committed 9280K, reserved 1048576K
}
Event: 19.261 GC heap after
{Heap after GC invocations=25 (full 0):
 garbage-first heap   total 163840K, used 61898K [0x0000000081c00000, 0x0000000100000000)
  region size 1024K, 2 young (2048K), 2 survivors (2048K)
 Metaspace       used 65904K, committed 66496K, reserved 1114112K
  class space    used 8983K, committed 9280K, reserved 1048576K
}
Event: 19.540 GC heap before
{Heap before GC invocations=25 (full 0):
 garbage-first heap   total 163840K, used 123338K [0x0000000081c00000, 0x0000000100000000)
  region size 1024K, 60 young (61440K), 2 survivors (2048K)
 Metaspace       used 65905K, committed 66496K, reserved 1114112K
  class space    used 8983K, committed 9280K, reserved 1048576K
}
Event: 19.556 GC heap after
{Heap after GC invocations=26 (full 0):
 garbage-first heap   total 163840K, used 77852K [0x0000000081c00000, 0x0000000100000000)
  region size 1024K, 8 young (8192K), 8 survivors (8192K)
 Metaspace       used 65905K, committed 66496K, reserved 1114112K
  class space    used 8983K, committed 9280K, reserved 1048576K
}
Event: 19.737 GC heap before
{Heap before GC invocations=26 (full 0):
 garbage-first heap   total 163840K, used 122908K [0x0000000081c00000, 0x0000000100000000)
  region size 1024K, 52 young (53248K), 8 survivors (8192K)
 Metaspace       used 65913K, committed 66496K, reserved 1114112K
  class space    used 8984K, committed 9280K, reserved 1048576K
}
Event: 19.758 GC heap after
{Heap after GC invocations=27 (full 0):
 garbage-first heap   total 163840K, used 90140K [0x0000000081c00000, 0x0000000100000000)
  region size 1024K, 7 young (7168K), 7 survivors (7168K)
 Metaspace       used 65913K, committed 66496K, reserved 1114112K
  class space    used 8984K, committed 9280K, reserved 1048576K
}
Event: 19.788 GC heap before
{Heap before GC invocations=27 (full 0):
 garbage-first heap   total 163840K, used 97308K [0x0000000081c00000, 0x0000000100000000)
  region size 1024K, 15 young (15360K), 7 survivors (7168K)
 Metaspace       used 65913K, committed 66496K, reserved 1114112K
  class space    used 8984K, committed 9280K, reserved 1048576K
}
Event: 19.797 GC heap after
{Heap after GC invocations=28 (full 0):
 garbage-first heap   total 163840K, used 93052K [0x0000000081c00000, 0x0000000100000000)
  region size 1024K, 3 young (3072K), 3 survivors (3072K)
 Metaspace       used 65913K, committed 66496K, reserved 1114112K
  class space    used 8984K, committed 9280K, reserved 1048576K
}
Event: 20.385 GC heap before
{Heap before GC invocations=29 (full 0):
 garbage-first heap   total 181248K, used 119676K [0x0000000081c00000, 0x0000000100000000)
  region size 1024K, 37 young (37888K), 3 survivors (3072K)
 Metaspace       used 67059K, committed 67648K, reserved 1114112K
  class space    used 9145K, committed 9408K, reserved 1048576K
}
Event: 20.400 GC heap after
{Heap after GC invocations=30 (full 0):
 garbage-first heap   total 181248K, used 91574K [0x0000000081c00000, 0x0000000100000000)
  region size 1024K, 5 young (5120K), 5 survivors (5120K)
 Metaspace       used 67059K, committed 67648K, reserved 1114112K
  class space    used 9145K, committed 9408K, reserved 1048576K
}
Event: 20.477 GC heap before
{Heap before GC invocations=30 (full 0):
 garbage-first heap   total 181248K, used 94646K [0x0000000081c00000, 0x0000000100000000)
  region size 1024K, 8 young (8192K), 5 survivors (5120K)
 Metaspace       used 67334K, committed 67840K, reserved 1114112K
  class space    used 9174K, committed 9408K, reserved 1048576K
}

Deoptimization events (20 events):
Event: 20.454 Thread 0x0000024f712ce2d0 DEOPT PACKING pc=0x0000024f791b664c sp=0x00000074085fd0c0
Event: 20.454 Thread 0x0000024f712ce2d0 DEOPT UNPACKING pc=0x0000024f78bd2b43 sp=0x00000074085fc638 mode 1
Event: 20.469 Thread 0x0000024f712ce2d0 DEOPT PACKING pc=0x0000024f791b664c sp=0x00000074085fe2b0
Event: 20.469 Thread 0x0000024f712ce2d0 DEOPT UNPACKING pc=0x0000024f78bd2b43 sp=0x00000074085fd810 mode 1
Event: 20.469 Thread 0x0000024f712ce2d0 DEOPT PACKING pc=0x0000024f79bae734 sp=0x00000074085fe3d0
Event: 20.469 Thread 0x0000024f712ce2d0 DEOPT UNPACKING pc=0x0000024f78bd2b43 sp=0x00000074085fd8a0 mode 1
Event: 20.469 Thread 0x0000024f712ce2d0 DEOPT PACKING pc=0x0000024f791b664c sp=0x00000074085fe2a0
Event: 20.469 Thread 0x0000024f712ce2d0 DEOPT UNPACKING pc=0x0000024f78bd2b43 sp=0x00000074085fd818 mode 1
Event: 20.472 Thread 0x0000024f712ce2d0 DEOPT PACKING pc=0x0000024f791b664c sp=0x00000074085fb910
Event: 20.472 Thread 0x0000024f712ce2d0 DEOPT UNPACKING pc=0x0000024f78bd2b43 sp=0x00000074085fae88 mode 1
Event: 20.473 Thread 0x0000024f712ce2d0 DEOPT PACKING pc=0x0000024f791b664c sp=0x00000074085fb980
Event: 20.473 Thread 0x0000024f712ce2d0 DEOPT UNPACKING pc=0x0000024f78bd2b43 sp=0x00000074085faef8 mode 1
Event: 20.473 Thread 0x0000024f712ce2d0 DEOPT PACKING pc=0x0000024f791b664c sp=0x00000074085fb980
Event: 20.473 Thread 0x0000024f712ce2d0 DEOPT UNPACKING pc=0x0000024f78bd2b43 sp=0x00000074085faef8 mode 1
Event: 20.473 Thread 0x0000024f712ce2d0 DEOPT PACKING pc=0x0000024f791b664c sp=0x00000074085fb980
Event: 20.473 Thread 0x0000024f712ce2d0 DEOPT UNPACKING pc=0x0000024f78bd2b43 sp=0x00000074085faef8 mode 1
Event: 20.473 Thread 0x0000024f712ce2d0 DEOPT PACKING pc=0x0000024f792b4c54 sp=0x00000074085fb8b0
Event: 20.473 Thread 0x0000024f712ce2d0 DEOPT UNPACKING pc=0x0000024f78bd2b43 sp=0x00000074085fade0 mode 1
Event: 20.473 Thread 0x0000024f712ce2d0 DEOPT PACKING pc=0x0000024f79502e04 sp=0x00000074085fb9c0
Event: 20.473 Thread 0x0000024f712ce2d0 DEOPT UNPACKING pc=0x0000024f78bd2b43 sp=0x00000074085faf18 mode 1

Classes unloaded (0 events):
No events

Classes redefined (0 events):
No events

Internal exceptions (20 events):
Event: 19.826 Thread 0x0000024f4b61d450 Exception <a 'sun/nio/fs/WindowsException'{0x000000008b6f67d0}> (0x000000008b6f67d0) 
thrown [s\open\src\hotspot\share\prims\jni.cpp, line 516]
Event: 19.827 Thread 0x0000024f4b61d450 Exception <a 'sun/nio/fs/WindowsException'{0x000000008b6f6b28}> (0x000000008b6f6b28) 
thrown [s\open\src\hotspot\share\prims\jni.cpp, line 516]
Event: 19.827 Thread 0x0000024f4b61cf40 Exception <a 'sun/nio/fs/WindowsException'{0x000000008b6d0818}> (0x000000008b6d0818) 
thrown [s\open\src\hotspot\share\prims\jni.cpp, line 516]
Event: 19.827 Thread 0x0000024f4b61cf40 Exception <a 'sun/nio/fs/WindowsException'{0x000000008b6d0b58}> (0x000000008b6d0b58) 
thrown [s\open\src\hotspot\share\prims\jni.cpp, line 516]
Event: 19.827 Thread 0x0000024f4b61d450 Exception <a 'sun/nio/fs/WindowsException'{0x000000008b6f74d0}> (0x000000008b6f74d0) 
thrown [s\open\src\hotspot\share\prims\jni.cpp, line 516]
Event: 19.827 Thread 0x0000024f4b61d450 Exception <a 'sun/nio/fs/WindowsException'{0x000000008b6f7830}> (0x000000008b6f7830) 
thrown [s\open\src\hotspot\share\prims\jni.cpp, line 516]
Event: 19.827 Thread 0x0000024f4b61cf40 Exception <a 'sun/nio/fs/WindowsException'{0x000000008b6d14f0}> (0x000000008b6d14f0) 
thrown [s\open\src\hotspot\share\prims\jni.cpp, line 516]
Event: 19.828 Thread 0x0000024f4b61cf40 Exception <a 'sun/nio/fs/WindowsException'{0x000000008b6d1850}> (0x000000008b6d1850) 
thrown [s\open\src\hotspot\share\prims\jni.cpp, line 516]
Event: 19.828 Thread 0x0000024f4b61d450 Exception <a 'sun/nio/fs/WindowsException'{0x000000008b6f81f8}> (0x000000008b6f81f8) 
thrown [s\open\src\hotspot\share\prims\jni.cpp, line 516]
Event: 19.828 Thread 0x0000024f4b61d450 Exception <a 'sun/nio/fs/WindowsException'{0x000000008b6f8580}> (0x000000008b6f8580) 
thrown [s\open\src\hotspot\share\prims\jni.cpp, line 516]
Event: 19.828 Thread 0x0000024f4b61cf40 Exception <a 'sun/nio/fs/WindowsException'{0x000000008b6d21f8}> (0x000000008b6d21f8) 
thrown [s\open\src\hotspot\share\prims\jni.cpp, line 516]
Event: 19.828 Thread 0x0000024f4b61d450 Exception <a 'sun/nio/fs/WindowsException'{0x000000008b6f8f58}> (0x000000008b6f8f58) 
thrown [s\open\src\hotspot\share\prims\jni.cpp, line 516]
Event: 19.828 Thread 0x0000024f4b61cf40 Exception <a 'sun/nio/fs/WindowsException'{0x000000008b6d2570}> (0x000000008b6d2570) 
thrown [s\open\src\hotspot\share\prims\jni.cpp, line 516]
Event: 19.829 Thread 0x0000024f4b61d450 Exception <a 'sun/nio/fs/WindowsException'{0x000000008b6f92f8}> (0x000000008b6f92f8) 
thrown [s\open\src\hotspot\share\prims\jni.cpp, line 516]
Event: 19.829 Thread 0x0000024f4b61cf40 Exception <a 'sun/nio/fs/WindowsException'{0x000000008b6d2f10}> (0x000000008b6d2f10) 
thrown [s\open\src\hotspot\share\prims\jni.cpp, line 516]
Event: 19.829 Thread 0x0000024f4b61d450 Exception <a 'sun/nio/fs/WindowsException'{0x000000008b6f9cc8}> (0x000000008b6f9cc8) 
thrown [s\open\src\hotspot\share\prims\jni.cpp, line 516]
Event: 19.829 Thread 0x0000024f4b61cf40 Exception <a 'sun/nio/fs/WindowsException'{0x000000008b6d3280}> (0x000000008b6d3280) 
thrown [s\open\src\hotspot\share\prims\jni.cpp, line 516]
Event: 19.829 Thread 0x0000024f4b61d450 Exception <a 'sun/nio/fs/WindowsException'{0x000000008b6fa058}> (0x000000008b6fa058) 
thrown [s\open\src\hotspot\share\prims\jni.cpp, line 516]
Event: 20.233 Thread 0x0000024f712ce2d0 Exception <a 'java/lang/NoSuchMethodError'{0x000000008c61a290}: 'void java.lang.invoke.DirectMethodHandle$Holder.invokeVirtual(java.lang.Object, java.lang.Object, int)'> (0x000000008c61a290) 
thrown [s\open\src\hotspot\share\interpreter\linkResolver.cpp, line 759]
Event: 20.236 Thread 0x0000024f712ce2d0 Exception <a 'java/lang/NoSuchMethodError'{0x000000008c634e78}: 'void java.lang.invoke.DirectMethodHandle$Holder.invokeVirtual(java.lang.Object, java.lang.Object, long)'> (0x000000008c634e78) 
thrown [s\open\src\hotspot\share\interpreter\linkResolver.cpp, line 759]

VM Operations (20 events):
Event: 19.034 Executing VM operation: G1CollectForAllocation done
Event: 19.041 Executing VM operation: HandshakeAllThreads
Event: 19.041 Executing VM operation: HandshakeAllThreads done
Event: 19.196 Executing VM operation: G1CollectForAllocation
Event: 19.213 Executing VM operation: G1CollectForAllocation done
Event: 19.254 Executing VM operation: G1TryInitiateConcMark
Event: 19.261 Executing VM operation: G1TryInitiateConcMark done
Event: 19.540 Executing VM operation: G1CollectForAllocation
Event: 19.559 Executing VM operation: G1CollectForAllocation done
Event: 19.737 Executing VM operation: G1CollectForAllocation
Event: 19.759 Executing VM operation: G1CollectForAllocation done
Event: 19.788 Executing VM operation: G1TryInitiateConcMark
Event: 19.797 Executing VM operation: G1TryInitiateConcMark done
Event: 19.966 Executing VM operation: G1Concurrent
Event: 19.973 Executing VM operation: G1Concurrent done
Event: 20.067 Executing VM operation: G1Concurrent
Event: 20.067 Executing VM operation: G1Concurrent done
Event: 20.385 Executing VM operation: G1CollectForAllocation
Event: 20.400 Executing VM operation: G1CollectForAllocation done
Event: 20.477 Executing VM operation: G1CollectForAllocation

Events (20 events):
Event: 20.458 loading class org/springdoc/core/models/GroupedOpenApi
Event: 20.458 loading class org/springdoc/core/models/GroupedOpenApi done
Event: 20.458 loading class org/springdoc/core/models/GroupedOpenApi
Event: 20.458 loading class org/springdoc/core/models/GroupedOpenApi done
Event: 20.460 loading class org/springdoc/core/customizers/OpenApiBuilderCustomizer
Event: 20.460 loading class org/springdoc/core/customizers/OpenApiBuilderCustomizer done
Event: 20.460 loading class org/springdoc/core/customizers/ServerBaseUrlCustomizer
Event: 20.460 loading class org/springdoc/core/customizers/ServerBaseUrlCustomizer done
Event: 20.464 loading class io/swagger/v3/oas/annotations/OpenAPIDefinition
Event: 20.464 loading class io/swagger/v3/oas/annotations/OpenAPIDefinition done
Event: 20.465 loading class io/swagger/v3/oas/annotations/tags/Tags
Event: 20.465 loading class io/swagger/v3/oas/annotations/tags/Tags done
Event: 20.465 loading class io/swagger/v3/oas/annotations/tags/Tag
Event: 20.465 loading class io/swagger/v3/oas/annotations/tags/Tag done
Event: 20.468 loading class org/springdoc/core/customizers/OperationCustomizer
Event: 20.468 loading class org/springdoc/core/customizers/OperationCustomizer done
Event: 20.469 loading class org/springdoc/core/customizers/RouterOperationCustomizer
Event: 20.469 loading class org/springdoc/core/customizers/RouterOperationCustomizer done
Event: 20.472 loading class org/springframework/core/convert/support/ObjectToOptionalConverter$GenericTypeDescriptor
Event: 20.472 loading class org/springframework/core/convert/support/ObjectToOptionalConverter$GenericTypeDescriptor done


Dynamic libraries:
0x00007ff7df620000 - 0x00007ff7df630000 	C:\Program Files\Java\jdk-17\bin\java.exe
0x00007ffa11cf0000 - 0x00007ffa11ee8000 	C:\Windows\SYSTEM32\ntdll.dll
0x00007ffa11460000 - 0x00007ffa11522000 	C:\Windows\System32\KERNEL32.DLL
0x00007ffa0f6c0000 - 0x00007ffa0f9bf000 	C:\Windows\System32\KERNELBASE.dll
0x00007ffa0f390000 - 0x00007ffa0f490000 	C:\Windows\System32\ucrtbase.dll
0x00007ff9e81d0000 - 0x00007ff9e81eb000 	C:\Program Files\Java\jdk-17\bin\VCRUNTIME140.dll
0x00007ff9e81b0000 - 0x00007ff9e81c9000 	C:\Program Files\Java\jdk-17\bin\jli.dll
0x00007ffa0fdd0000 - 0x00007ffa0fe7f000 	C:\Windows\System32\ADVAPI32.dll
0x00007ffa10940000 - 0x00007ffa109de000 	C:\Windows\System32\msvcrt.dll
0x00007ffa0fd10000 - 0x00007ffa0fdaf000 	C:\Windows\System32\sechost.dll
0x00007ffa10630000 - 0x00007ffa10753000 	C:\Windows\System32\RPCRT4.dll
0x00007ffa0f530000 - 0x00007ffa0f557000 	C:\Windows\System32\bcrypt.dll
0x00007ffa11250000 - 0x00007ffa113ed000 	C:\Windows\System32\USER32.dll
0x00007ffa0fb70000 - 0x00007ffa0fb92000 	C:\Windows\System32\win32u.dll
0x00007ffa11bd0000 - 0x00007ffa11bfb000 	C:\Windows\System32\GDI32.dll
0x00007ffa0fa50000 - 0x00007ffa0fb6a000 	C:\Windows\System32\gdi32full.dll
0x00007ffa0e750000 - 0x00007ffa0e9ea000 	C:\Windows\WinSxS\amd64_microsoft.windows.common-controls_6595b64144ccf1df_6.0.19041.4355_none_60b8b9eb71f62e16\COMCTL32.dll
0x00007ffa0f490000 - 0x00007ffa0f52d000 	C:\Windows\System32\msvcp_win.dll
0x00007ffa0c060000 - 0x00007ffa0c06a000 	C:\Windows\SYSTEM32\VERSION.dll
0x00007ffa10490000 - 0x00007ffa104bf000 	C:\Windows\System32\IMM32.DLL
0x00007ffa079b0000 - 0x00007ffa079bc000 	C:\Program Files\Java\jdk-17\bin\vcruntime140_1.dll
0x00007ff9d3ce0000 - 0x00007ff9d3d6e000 	C:\Program Files\Java\jdk-17\bin\msvcp140.dll
0x00007ff995e10000 - 0x00007ff9969f0000 	C:\Program Files\Java\jdk-17\bin\server\jvm.dll
0x00007ffa11530000 - 0x00007ffa11538000 	C:\Windows\System32\PSAPI.DLL
0x00007ffa0d340000 - 0x00007ffa0d349000 	C:\Windows\SYSTEM32\WSOCK32.dll
0x00007ffa113f0000 - 0x00007ffa1145b000 	C:\Windows\System32\WS2_32.dll
0x00007ffa0d390000 - 0x00007ffa0d3b7000 	C:\Windows\SYSTEM32\WINMM.dll
0x00007ffa0c400000 - 0x00007ffa0c412000 	C:\Windows\SYSTEM32\kernel.appcore.dll
0x00007ff9fc070000 - 0x00007ff9fc07a000 	C:\Program Files\Java\jdk-17\bin\jimage.dll
0x00007ffa0ecf0000 - 0x00007ffa0eed4000 	C:\Windows\SYSTEM32\DBGHELP.DLL
0x00007ffa0ecb0000 - 0x00007ffa0ece4000 	C:\Windows\SYSTEM32\dbgcore.DLL
0x00007ffa0f9c0000 - 0x00007ffa0fa42000 	C:\Windows\System32\bcryptPrimitives.dll
0x00007ff9d4b20000 - 0x00007ff9d4b5b000 	C:\Program Files\Java\jdk-17\bin\jdwp.dll
0x00007ff9f77c0000 - 0x00007ff9f77ce000 	C:\Program Files\Java\jdk-17\bin\instrument.dll
0x00007ff9e7f70000 - 0x00007ff9e7f95000 	C:\Program Files\Java\jdk-17\bin\java.dll
0x00007ff9cf350000 - 0x00007ff9cf427000 	C:\Program Files\Java\jdk-17\bin\jsvml.dll
0x00007ffa10a60000 - 0x00007ffa111cd000 	C:\Windows\System32\SHELL32.dll
0x00007ffa0c600000 - 0x00007ffa0cda4000 	C:\Windows\SYSTEM32\windows.storage.dll
0x00007ffa11610000 - 0x00007ffa11965000 	C:\Windows\System32\combase.dll
0x00007ffa0e6b0000 - 0x00007ffa0e6df000 	C:\Windows\SYSTEM32\Wldp.dll
0x00007ffa11540000 - 0x00007ffa1160d000 	C:\Windows\System32\OLEAUT32.dll
0x00007ffa11c00000 - 0x00007ffa11cad000 	C:\Windows\System32\SHCORE.dll
0x00007ffa10760000 - 0x00007ffa107b5000 	C:\Windows\System32\shlwapi.dll
0x00007ffa0f2c0000 - 0x00007ffa0f2e4000 	C:\Windows\SYSTEM32\profapi.dll
0x00007ff9f6900000 - 0x00007ff9f690c000 	C:\Program Files\Java\jdk-17\bin\dt_socket.dll
0x00007ffa0e0e0000 - 0x00007ffa0e11b000 	C:\Windows\SYSTEM32\IPHLPAPI.DLL
0x00007ffa0e3c0000 - 0x00007ffa0e42c000 	C:\Windows\system32\mswsock.dll
0x00007ff9d4bd0000 - 0x00007ff9d4be8000 	C:\Program Files\Java\jdk-17\bin\zip.dll
0x00007ff9e1670000 - 0x00007ff9e1689000 	C:\Program Files\Java\jdk-17\bin\net.dll
0x00007ffa077f0000 - 0x00007ffa078fa000 	C:\Windows\SYSTEM32\WINHTTP.dll
0x00007ff9d4bf0000 - 0x00007ff9d4c06000 	C:\Program Files\Java\jdk-17\bin\nio.dll
0x00007ffa0e120000 - 0x00007ffa0e1ea000 	C:\Windows\SYSTEM32\DNSAPI.dll
0x00007ffa0fdc0000 - 0x00007ffa0fdc8000 	C:\Windows\System32\NSI.dll
0x00007ffa02300000 - 0x00007ffa0230a000 	C:\Windows\System32\rasadhlp.dll
0x00007ffa021e0000 - 0x00007ffa02260000 	C:\Windows\System32\fwpuclnt.dll
0x00007ff9f3be0000 - 0x00007ff9f3bea000 	C:\Program Files\Java\jdk-17\bin\management.dll
0x00007ff9f37f0000 - 0x00007ff9f37fb000 	C:\Program Files\Java\jdk-17\bin\management_ext.dll
0x00007ffa0f090000 - 0x00007ffa0f0a8000 	C:\Windows\SYSTEM32\CRYPTSP.dll
0x00007ffa0dd80000 - 0x00007ffa0ddb4000 	C:\Windows\system32\rsaenh.dll
0x00007ffa0f240000 - 0x00007ffa0f26e000 	C:\Windows\SYSTEM32\USERENV.dll
0x00007ffa0e640000 - 0x00007ffa0e64c000 	C:\Windows\SYSTEM32\CRYPTBASE.dll
0x00007ffa07f30000 - 0x00007ffa07f47000 	C:\Windows\SYSTEM32\dhcpcsvc6.DLL
0x00007ffa08c70000 - 0x00007ffa08c8d000 	C:\Windows\SYSTEM32\dhcpcsvc.DLL
0x00007ff9e9310000 - 0x00007ff9e9327000 	C:\Windows\system32\napinsp.dll
0x00007ff9e92f0000 - 0x00007ff9e930b000 	C:\Windows\system32\pnrpnsp.dll
0x00007ff9e92d0000 - 0x00007ff9e92e5000 	C:\Windows\system32\wshbth.dll
0x00007ffa09a70000 - 0x00007ffa09a8d000 	C:\Windows\system32\NLAapi.dll
0x00007ff9e92b0000 - 0x00007ff9e92c2000 	C:\Windows\System32\winrnr.dll
0x00007ff9f0b60000 - 0x00007ff9f0b6e000 	C:\Program Files\Java\jdk-17\bin\sunmscapi.dll
0x00007ffa0f560000 - 0x00007ffa0f6bc000 	C:\Windows\System32\CRYPT32.dll
0x00007ffa0e720000 - 0x00007ffa0e747000 	C:\Windows\SYSTEM32\ncrypt.dll
0x00007ffa0e6e0000 - 0x00007ffa0e71b000 	C:\Windows\SYSTEM32\NTASN1.dll

dbghelp: loaded successfully - version: 4.0.5 - missing functions: none
symbol engine: initialized successfully - sym options: 0x614 - pdb path: .;C:\Program Files\Java\jdk-17\bin;C:\Windows\SYSTEM32;C:\Windows\WinSxS\amd64_microsoft.windows.common-controls_6595b64144ccf1df_6.0.19041.4355_none_60b8b9eb71f62e16;C:\Program Files\Java\jdk-17\bin\server

VM Arguments:
jvm_args: -agentlib:jdwp=transport=dt_socket,address=127.0.0.1:64464,suspend=y,server=n -XX:TieredStopAtLevel=1 -Xverify:none -Dspring.output.ansi.enabled=always -javaagent:C:\Users\HP\AppData\Local\JetBrains\IntelliJIdea2021.1\captureAgent\debugger-agent.jar=file:/C:/Users/HP/AppData/Local/Temp/capture.props -Dcom.sun.management.jmxremote -Dspring.jmx.enabled=true -Dspring.liveBeansView.mbeanDomain -Dspring.application.admin.enabled=true -Dfile.encoding=UTF-8 
java_command: com.online.education.UserMicroserviceApplication
java_class_path (initial): C:\Users\HP\IdeaProjects\online-education\user-microservice\target\classes;C:\Users\HP\.m2\repository\org\springframework\cloud\spring-cloud-starter-config\4.0.3\spring-cloud-starter-config-4.0.3.jar;C:\Users\HP\.m2\repository\org\springframework\cloud\spring-cloud-starter\4.0.3\spring-cloud-starter-4.0.3.jar;C:\Users\HP\.m2\repository\org\springframework\cloud\spring-cloud-context\4.0.3\spring-cloud-context-4.0.3.jar;C:\Users\HP\.m2\repository\org\springframework\cloud\spring-cloud-commons\4.0.3\spring-cloud-commons-4.0.3.jar;C:\Users\HP\.m2\repository\org\springframework\security\spring-security-rsa\1.0.11.RELEASE\spring-security-rsa-1.0.11.RELEASE.jar;C:\Users\HP\.m2\repository\org\bouncycastle\bcpkix-jdk15on\1.69\bcpkix-jdk15on-1.69.jar;C:\Users\HP\.m2\repository\org\bouncycastle\bcprov-jdk15on\1.69\bcprov-jdk15on-1.69.jar;C:\Users\HP\.m2\repository\org\bouncycastle\bcutil-jdk15on\1.69\bcutil-jdk15on-1.69.jar;C:\Users\HP\.m2\repository\org\springframework\cloud\spring-cloud-config-client\4.0.3\spring-cloud-config-client-4.0.3.jar;C:\Users\HP\.m2\repository\org\springframework\boot\spring-boot-autoconfigure\3.0.10\spring-boot-autoconfigure-3.0.10.jar;C:\Users\HP\.m2\repository\org\apache\httpcomponents\client5\httpclient5\5.1.4\httpclient5-5.1.4.jar;C:\Users\HP\.m2\repository\org\apache\httpcomponents\core5\httpcore5\5.1.5\httpcore5-5.1.5.jar;C:\Users\HP\.m2\repository\org\apache\httpcomponents\core5\httpcore5-h2\5.1.5\httpcore5-h2-5.1.5.jar;C:\Users\HP\.m2\repository\commons-codec\commons-codec\1.15\commons-codec-1.15.jar;C:\Users\HP\.m2\repository\com\fasterxml\jackson\core\jackson-databind\2.14.3\jackson-databind-2.14.3.jar;C:\Users\HP\.m2\repository\com\fasterxml\jackson\core\jackson-core\2.14.3\jackson-core-2.14.3.jar;C:\Users\HP\.m2\repository\org\springframework\boot\spring-boot-starter-web\3.0.10\spring-boot-starter-web-3.0.10.jar;C:\Users\HP\.m2\repository\org\springframework\boot\spring-boot-starter\3.0.10\spring-boot-starte
Launcher Type: SUN_STANDARD

[Global flags]
     intx CICompilerCount                          = 3                                         {product} {ergonomic}
     uint ConcGCThreads                            = 1                                         {product} {ergonomic}
     uint G1ConcRefinementThreads                  = 4                                         {product} {ergonomic}
   size_t G1HeapRegionSize                         = 1048576                                   {product} {ergonomic}
    uintx GCDrainStackTargetSize                   = 64                                        {product} {ergonomic}
   size_t InitialHeapSize                          = 134217728                                 {product} {ergonomic}
     bool ManagementServer                         = true                                      {product} {command line}
   size_t MarkStackSize                            = 4194304                                   {product} {ergonomic}
   size_t MaxHeapSize                              = 2118123520                                {product} {ergonomic}
   size_t MaxNewSize                               = 1270874112                                {product} {ergonomic}
   size_t MinHeapDeltaBytes                        = 1048576                                   {product} {ergonomic}
   size_t MinHeapSize                              = 8388608                                   {product} {ergonomic}
    uintx NonProfiledCodeHeapSize                  = 0                                      {pd product} {ergonomic}
     bool ProfileInterpreter                       = false                                  {pd product} {command line}
    uintx ProfiledCodeHeapSize                     = 0                                      {pd product} {ergonomic}
   size_t SoftMaxHeapSize                          = 2118123520                             {manageable} {ergonomic}
     intx TieredStopAtLevel                        = 1                                         {product} {command line}
     bool UseCompressedClassPointers               = true                           {product lp64_product} {ergonomic}
     bool UseCompressedOops                        = true                           {product lp64_product} {ergonomic}
     bool UseG1GC                                  = true                                      {product} {ergonomic}
     bool UseLargePagesIndividualAllocation        = false                                  {pd product} {ergonomic}

Logging:
Log output configuration:
 #0: stdout all=warning uptime,level,tags
 #1: stderr all=off uptime,level,tags

Environment Variables:
PATH=C:\Program Files\Common Files\Oracle\Java\javapath;C:\Windows\system32;C:\Windows;C:\Windows\System32\Wbem;C:\Windows\System32\WindowsPowerShell\v1.0\;C:\Windows\System32\OpenSSH\;C:\Program Files\Git\cmd;C:\Program Files\nodejs\;C:\ProgramData\chocolatey\bin;C:\Program Files\MySQL\MySQL Server 8.0\bin;C:\Program Files\MySQL\MySQL Shell 8.0\bin\;C:\Program Files\Common Files\Oracle\Java\javapath;C:\Windows\system32;C:\Windows;C:\Windows\System32\Wbem;C:\Windows\System32\WindowsPowerShell\v1.0\;C:\Windows\System32\OpenSSH\;C:\Program Files\Git\cmd;C:\Program Files\nodejs\;C:\ProgramData\chocolatey\bin;C:\Program Files\MySQL\MySQL Server 8.0\bin;;C:\ProgramData\chocolatey\bin;C:\Users\HP\AppData\Local\Programs\Microsoft VS Code\bin;C:\Users\HP\AppData\Roaming\npm;C:\Program Files\JetBrains\IntelliJ IDEA Community Edition 2025.1.1.1\bin;;C:\Users\HP\AppData\Local\GitHubDesktop\bin;C:\Program Files\JetBrains\IntelliJ IDEA 2021.1\bin;
USERNAME=HP
OS=Windows_NT
PROCESSOR_IDENTIFIER=Intel64 Family 6 Model 78 Stepping 3, GenuineIntel



---------------  S Y S T E M  ---------------

OS:
 Windows 10 , 64 bit Build 19041 (10.0.19041.5438)
OS uptime: 7 days 20:22 hours

CPU: total 4 (initial active 4) (2 cores per cpu, 2 threads per core) family 6 model 78 stepping 3 microcode 0xcc, cx8, cmov, fxsr, ht, mmx, 3dnowpref, sse, sse2, sse3, ssse3, sse4.1, sse4.2, popcnt, lzcnt, tsc, tscinvbit, avx, avx2, aes, erms, clmul, bmi1, bmi2, adx, fma, vzeroupper, clflush, clflushopt

Memory: 4k page, system-wide physical 8072M (472M free)
TotalPageFile size 20498M (AvailPageFile size 109M)
current process WorkingSet (physical memory assigned to process): 347M, peak: 347M
current process commit charge ("private bytes"): 381M, peak: 539M

vm_info: Java HotSpot(TM) 64-Bit Server VM (17.0.12+8-LTS-286) for windows-amd64 JRE (17.0.12+8-LTS-286), built on Jun  5 2024 06:46:59 by "mach5one" with MS VC++ 17.6 (VS2022)

END.
