#
# There is insufficient memory for the Java Runtime Environment to continue.
# Native memory allocation (mmap) failed to map 4194304 bytes for G1 virtual space
# Possible reasons:
#   The system is out of physical RAM or swap space
#   The process is running with CompressedOops enabled, and the Java Heap may be blocking the growth of the native heap
# Possible solutions:
#   Reduce memory load on the system
#   Increase physical memory or swap space
#   Check if swap backing store is full
#   Decrease Java heap size (-Xmx/-Xms)
#   Decrease number of Java threads
#   Decrease Java thread stack sizes (-Xss)
#   Set larger code cache with -XX:ReservedCodeCacheSize=
#   JVM is running with Unscaled Compressed Oops mode in which the Java heap is
#     placed in the first 4GB address space. The Java Heap base address is the
#     maximum limit for the native heap growth. Please use -XX:HeapBaseMinAddress
#     to set the Java Heap base and to place the Java Heap above 4GB virtual address.
# This output file may be truncated or incomplete.
#
#  Out of Memory Error (os_windows.cpp:3548), pid=18528, tid=15936
#
# JRE version: Java(TM) SE Runtime Environment (17.0.12+8) (build 17.0.12+8-LTS-286)
# Java VM: Java HotSpot(TM) 64-Bit Server VM (17.0.12+8-LTS-286, mixed mode, emulated-client, sharing, tiered, compressed oops, compressed class ptrs, g1 gc, windows-amd64)
# No core dump will be written. Minidumps are not enabled by default on client versions of Windows
#

---------------  S U M M A R Y ------------

Command Line: -agentlib:jdwp=transport=dt_socket,address=127.0.0.1:55024,suspend=y,server=n -XX:TieredStopAtLevel=1 -Xverify:none -Dspring.output.ansi.enabled=always -javaagent:C:\Users\HP\AppData\Local\JetBrains\IntelliJIdea2021.1\captureAgent\debugger-agent.jar=file:/C:/Users/HP/AppData/Local/Temp/capture.props -Dcom.sun.management.jmxremote -Dspring.jmx.enabled=true -Dspring.liveBeansView.mbeanDomain -Dspring.application.admin.enabled=true -Dfile.encoding=UTF-8 com.online.education.UserMicroserviceApplication

Host: Intel(R) Core(TM) i5-6200U CPU @ 2.30GHz, 4 cores, 7G,  Windows 10 , 64 bit Build 19041 (10.0.19041.5438)
Time: Tue Jul 29 10:56:14 2025 Pakistan Standard Time elapsed time: 36.629093 seconds (0d 0h 0m 36s)

---------------  T H R E A D  ---------------

Current thread (0x000001b8d32f5b40):  VMThread "VM Thread" [stack: 0x0000001e09d00000,0x0000001e09e00000] [id=15936]

Stack: [0x0000001e09d00000,0x0000001e09e00000]
Native frames: (J=compiled Java code, j=interpreted, Vv=VM code, C=native code)
V  [jvm.dll+0x67a04a]
V  [jvm.dll+0x7da4ed]
V  [jvm.dll+0x7dbe33]
V  [jvm.dll+0x7dc4a3]
V  [jvm.dll+0x24508f]
V  [jvm.dll+0x677089]
V  [jvm.dll+0x66bd32]
V  [jvm.dll+0x301fa6]
V  [jvm.dll+0x309546]
V  [jvm.dll+0x359d2e]
V  [jvm.dll+0x359f5f]
V  [jvm.dll+0x2d9078]
V  [jvm.dll+0x2d74ad]
V  [jvm.dll+0x2d6afc]
V  [jvm.dll+0x31a65b]
V  [jvm.dll+0x7e0d9b]
V  [jvm.dll+0x7e1ad4]
V  [jvm.dll+0x7e1fed]
V  [jvm.dll+0x7e23c4]
V  [jvm.dll+0x7e2490]
V  [jvm.dll+0x78abea]
V  [jvm.dll+0x678f35]
C  [ucrtbase.dll+0x21bb2]
C  [KERNEL32.DLL+0x17374]
C  [ntdll.dll+0x4cc91]

VM_Operation (0x0000001e097f56b0): G1CollectForAllocation, mode: safepoint, requested by thread 0x000001b8bfc90050


---------------  P R O C E S S  ---------------

Threads class SMR info:
_java_thread_list=0x000001b91b5c7180, length=22, elements={
0x000001b8bfc90050, 0x000001b8d32ffbd0, 0x000001b8d3300a50, 0x000001b8d33113c0,
0x000001b8d3314050, 0x000001b8d3315a20, 0x000001b8d33163e0, 0x000001b8d3316e50,
0x000001b8d3317850, 0x000001b8d35d7880, 0x000001b8d36173d0, 0x000001b8d363a310,
0x000001b8d3640820, 0x000001b91934ac90, 0x000001b919548490, 0x000001b9198f5050,
0x000001b91957c9e0, 0x000001b91a684800, 0x000001b91a4accf0, 0x000001b91b475410,
0x000001b91b43eb10, 0x000001b91b43eff0
}

Java Threads: ( => current thread )
  0x000001b8bfc90050 JavaThread "main" [_thread_blocked, id=14036, stack(0x0000001e09700000,0x0000001e09800000)]
  0x000001b8d32ffbd0 JavaThread "Reference Handler" daemon [_thread_blocked, id=16088, stack(0x0000001e09e00000,0x0000001e09f00000)]
  0x000001b8d3300a50 JavaThread "Finalizer" daemon [_thread_blocked, id=5284, stack(0x0000001e09f00000,0x0000001e0a000000)]
  0x000001b8d33113c0 JavaThread "Signal Dispatcher" daemon [_thread_blocked, id=22752, stack(0x0000001e0a000000,0x0000001e0a100000)]
  0x000001b8d3314050 JavaThread "Attach Listener" daemon [_thread_blocked, id=1608, stack(0x0000001e0a100000,0x0000001e0a200000)]
  0x000001b8d3315a20 JavaThread "Service Thread" daemon [_thread_blocked, id=19616, stack(0x0000001e0a200000,0x0000001e0a300000)]
  0x000001b8d33163e0 JavaThread "Monitor Deflation Thread" daemon [_thread_blocked, id=16584, stack(0x0000001e0a300000,0x0000001e0a400000)]
  0x000001b8d3316e50 JavaThread "C1 CompilerThread0" daemon [_thread_blocked, id=17396, stack(0x0000001e0a400000,0x0000001e0a500000)]
  0x000001b8d3317850 JavaThread "Sweeper thread" daemon [_thread_blocked, id=22304, stack(0x0000001e0a500000,0x0000001e0a600000)]
  0x000001b8d35d7880 JavaThread "Common-Cleaner" daemon [_thread_blocked, id=22680, stack(0x0000001e0a600000,0x0000001e0a700000)]
  0x000001b8d36173d0 JavaThread "JDWP Transport Listener: dt_socket" daemon [_thread_blocked, id=19760, stack(0x0000001e0a700000,0x0000001e0a800000)]
  0x000001b8d363a310 JavaThread "JDWP Event Helper Thread" daemon [_thread_blocked, id=10084, stack(0x0000001e0a800000,0x0000001e0a900000)]
  0x000001b8d3640820 JavaThread "JDWP Command Reader" daemon [_thread_in_native, id=9600, stack(0x0000001e0a900000,0x0000001e0aa00000)]
  0x000001b91934ac90 JavaThread "Notification Thread" daemon [_thread_blocked, id=9500, stack(0x0000001e0ab00000,0x0000001e0ac00000)]
  0x000001b919548490 JavaThread "RMI TCP Accept-0" daemon [_thread_in_native, id=8088, stack(0x0000001e0af00000,0x0000001e0b000000)]
  0x000001b9198f5050 JavaThread "Keep-Alive-Timer" daemon [_thread_blocked, id=5584, stack(0x0000001e0b100000,0x0000001e0b200000)]
  0x000001b91957c9e0 JavaThread "C1 CompilerThread1" daemon [_thread_blocked, id=20228, stack(0x0000001e0aa00000,0x0000001e0ab00000)]
  0x000001b91a684800 JavaThread "mysql-cj-abandoned-connection-cleanup" daemon [_thread_blocked, id=12004, stack(0x0000001e0b400000,0x0000001e0b500000)]
  0x000001b91a4accf0 JavaThread "HikariPool-1 housekeeper" daemon [_thread_blocked, id=13944, stack(0x0000001e0b500000,0x0000001e0b600000)]
  0x000001b91b475410 JavaThread "Catalina-utility-1" [_thread_blocked, id=23440, stack(0x0000001e0b700000,0x0000001e0b800000)]
  0x000001b91b43eb10 JavaThread "Catalina-utility-2" [_thread_blocked, id=8568, stack(0x0000001e0b800000,0x0000001e0b900000)]
  0x000001b91b43eff0 JavaThread "container-0" [_thread_blocked, id=17076, stack(0x0000001e0b900000,0x0000001e0ba00000)]

Other Threads:
=>0x000001b8d32f5b40 VMThread "VM Thread" [stack: 0x0000001e09d00000,0x0000001e09e00000] [id=15936]
  0x000001b9194ee630 WatcherThread [stack: 0x0000001e0b000000,0x0000001e0b100000] [id=7992]
  0x000001b8bfce99a0 GCTaskThread "GC Thread#0" [stack: 0x0000001e09800000,0x0000001e09900000] [id=19032]
  0x000001b919428000 GCTaskThread "GC Thread#1" [stack: 0x0000001e0ac00000,0x0000001e0ad00000] [id=12876]
  0x000001b9194282c0 GCTaskThread "GC Thread#2" [stack: 0x0000001e0ad00000,0x0000001e0ae00000] [id=10700]
  0x000001b919439b80 GCTaskThread "GC Thread#3" [stack: 0x0000001e0ae00000,0x0000001e0af00000] [id=18184]
  0x000001b8bfcfa570 ConcurrentGCThread "G1 Main Marker" [stack: 0x0000001e09900000,0x0000001e09a00000] [id=14948]
  0x000001b8bfcfaf80 ConcurrentGCThread "G1 Conc#0" [stack: 0x0000001e09a00000,0x0000001e09b00000] [id=1784]
  0x000001b8bfd4e9b0 ConcurrentGCThread "G1 Refine#0" [stack: 0x0000001e09b00000,0x0000001e09c00000] [id=10292]
  0x000001b8d31b2600 ConcurrentGCThread "G1 Service" [stack: 0x0000001e09c00000,0x0000001e09d00000] [id=20024]

Threads with active compile tasks:

VM state: at safepoint (normal execution)

VM Mutex/Monitor currently owned by a thread:  ([mutex/lock_event])
[0x000001b8bfc8b780] Threads_lock - owner thread: 0x000001b8d32f5b40
[0x000001b8bfc8adf0] Heap_lock - owner thread: 0x000001b8bfc90050

Heap address: 0x0000000081c00000, size: 2020 MB, Compressed Oops mode: 32-bit

CDS archive(s) mapped at: [0x000001b8d4000000-0x000001b8d4bd0000-0x000001b8d4bd0000), size 12386304, SharedBaseAddress: 0x000001b8d4000000, ArchiveRelocationMode: 1.
Compressed class space mapped at: 0x000001b8d5000000-0x000001b915000000, reserved size: 1073741824
Narrow klass base: 0x000001b8d4000000, Narrow klass shift: 0, Narrow klass range: 0x100000000

GC Precious Log:
 CPUs: 4 total, 4 available
 Memory: 8072M
 Large Page Support: Disabled
 NUMA Support: Disabled
 Compressed Oops: Enabled (32-bit)
 Heap Region Size: 1M
 Heap Min Capacity: 8M
 Heap Initial Capacity: 128M
 Heap Max Capacity: 2020M
 Pre-touch: Disabled
 Parallel Workers: 4
 Concurrent Workers: 1
 Concurrent Refinement Workers: 4
 Periodic GC: Disabled

Heap:
 garbage-first heap   total 126976K, used 39083K [0x0000000081c00000, 0x0000000100000000)
  region size 1024K, 3 young (3072K), 3 survivors (3072K)
 Metaspace       used 64830K, committed 65344K, reserved 1114112K
  class space    used 8862K, committed 9088K, reserved 1048576K

Heap Regions: E=young(eden), S=young(survivor), O=old, HS=humongous(starts), HC=humongous(continues), CS=collection set, F=free, OA=open archive, CA=closed archive, TAMS=top-at-mark-start (previous, next)
|   0|0x0000000081c00000, 0x0000000081d00000, 0x0000000081d00000|100%| O|  |TAMS 0x0000000081d00000, 0x0000000081c00000| Untracked 
|   1|0x0000000081d00000, 0x0000000081e00000, 0x0000000081e00000|100%|HS|  |TAMS 0x0000000081e00000, 0x0000000081d00000| Complete 
|   2|0x0000000081e00000, 0x0000000081f00000, 0x0000000081f00000|100%| O|  |TAMS 0x0000000081f00000, 0x0000000081e00000| Untracked 
|   3|0x0000000081f00000, 0x0000000082000000, 0x0000000082000000|100%| O|  |TAMS 0x0000000082000000, 0x0000000081f00000| Untracked 
|   4|0x0000000082000000, 0x0000000082100000, 0x0000000082100000|100%| O|  |TAMS 0x0000000082100000, 0x0000000082000000| Untracked 
|   5|0x0000000082100000, 0x0000000082200000, 0x0000000082200000|100%| O|  |TAMS 0x0000000082200000, 0x0000000082100000| Untracked 
|   6|0x0000000082200000, 0x0000000082300000, 0x0000000082300000|100%| O|  |TAMS 0x0000000082300000, 0x0000000082200000| Untracked 
|   7|0x0000000082300000, 0x0000000082400000, 0x0000000082400000|100%| O|  |TAMS 0x0000000082400000, 0x0000000082300000| Untracked 
|   8|0x0000000082400000, 0x0000000082500000, 0x0000000082500000|100%| O|  |TAMS 0x0000000082500000, 0x0000000082400000| Untracked 
|   9|0x0000000082500000, 0x0000000082600000, 0x0000000082600000|100%| O|  |TAMS 0x0000000082600000, 0x0000000082500000| Untracked 
|  10|0x0000000082600000, 0x0000000082600000, 0x0000000082700000|  0%| F|  |TAMS 0x0000000082600000, 0x0000000082600000| Untracked 
|  11|0x0000000082700000, 0x0000000082800000, 0x0000000082800000|100%| O|  |TAMS 0x0000000082800000, 0x0000000082700000| Untracked 
|  12|0x0000000082800000, 0x0000000082900000, 0x0000000082900000|100%| O|  |TAMS 0x0000000082900000, 0x0000000082800000| Untracked 
|  13|0x0000000082900000, 0x0000000082a00000, 0x0000000082a00000|100%| O|  |TAMS 0x0000000082a00000, 0x0000000082900000| Untracked 
|  14|0x0000000082a00000, 0x0000000082b00000, 0x0000000082b00000|100%| O|  |TAMS 0x0000000082b00000, 0x0000000082a00000| Untracked 
|  15|0x0000000082b00000, 0x0000000082c00000, 0x0000000082c00000|100%| O|  |TAMS 0x0000000082c00000, 0x0000000082b00000| Untracked 
|  16|0x0000000082c00000, 0x0000000082d00000, 0x0000000082d00000|100%| O|  |TAMS 0x0000000082d00000, 0x0000000082c00000| Untracked 
|  17|0x0000000082d00000, 0x0000000082e00000, 0x0000000082e00000|100%| O|  |TAMS 0x0000000082d00000, 0x0000000082d00000| Untracked 
|  18|0x0000000082e00000, 0x0000000082f00000, 0x0000000082f00000|100%| O|  |TAMS 0x0000000082f00000, 0x0000000082e00000| Untracked 
|  19|0x0000000082f00000, 0x0000000083000000, 0x0000000083000000|100%| O|  |TAMS 0x0000000083000000, 0x0000000082f00000| Untracked 
|  20|0x0000000083000000, 0x0000000083100000, 0x0000000083100000|100%| O|  |TAMS 0x0000000083100000, 0x0000000083000000| Untracked 
|  21|0x0000000083100000, 0x0000000083200000, 0x0000000083200000|100%| O|  |TAMS 0x0000000083200000, 0x0000000083100000| Untracked 
|  22|0x0000000083200000, 0x0000000083300000, 0x0000000083300000|100%| O|  |TAMS 0x0000000083300000, 0x0000000083200000| Untracked 
|  23|0x0000000083300000, 0x0000000083400000, 0x0000000083400000|100%| O|  |TAMS 0x0000000083400000, 0x0000000083300000| Untracked 
|  24|0x0000000083400000, 0x0000000083500000, 0x0000000083500000|100%| O|  |TAMS 0x0000000083500000, 0x0000000083400000| Untracked 
|  25|0x0000000083500000, 0x0000000083600000, 0x0000000083600000|100%| O|  |TAMS 0x0000000083600000, 0x0000000083500000| Untracked 
|  26|0x0000000083600000, 0x0000000083700000, 0x0000000083700000|100%| O|  |TAMS 0x0000000083700000, 0x0000000083600000| Untracked 
|  27|0x0000000083700000, 0x0000000083800000, 0x0000000083800000|100%| O|  |TAMS 0x0000000083800000, 0x0000000083700000| Untracked 
|  28|0x0000000083800000, 0x0000000083900000, 0x0000000083900000|100%| O|  |TAMS 0x0000000083900000, 0x0000000083800000| Untracked 
|  29|0x0000000083900000, 0x0000000083a00000, 0x0000000083a00000|100%| O|  |TAMS 0x0000000083a00000, 0x0000000083900000| Untracked 
|  30|0x0000000083a00000, 0x0000000083b00000, 0x0000000083b00000|100%| O|  |TAMS 0x0000000083b00000, 0x0000000083a00000| Untracked 
|  31|0x0000000083b00000, 0x0000000083c00000, 0x0000000083c00000|100%| O|  |TAMS 0x0000000083c00000, 0x0000000083b00000| Untracked 
|  32|0x0000000083c00000, 0x0000000083d00000, 0x0000000083d00000|100%| O|  |TAMS 0x0000000083d00000, 0x0000000083c00000| Untracked 
|  33|0x0000000083d00000, 0x0000000083e00000, 0x0000000083e00000|100%| O|  |TAMS 0x0000000083e00000, 0x0000000083d00000| Untracked 
|  34|0x0000000083e00000, 0x0000000083f00000, 0x0000000083f00000|100%| O|  |TAMS 0x0000000083f00000, 0x0000000083e00000| Untracked 
|  35|0x0000000083f00000, 0x0000000084000000, 0x0000000084000000|100%| O|  |TAMS 0x0000000084000000, 0x0000000083f00000| Untracked 
|  36|0x0000000084000000, 0x0000000084100000, 0x0000000084100000|100%| O|  |TAMS 0x000000008405e600, 0x0000000084000000| Untracked 
|  37|0x0000000084100000, 0x0000000084125000, 0x0000000084200000| 14%| O|  |TAMS 0x0000000084100000, 0x0000000084100000| Untracked 
|  38|0x0000000084200000, 0x0000000084200000, 0x0000000084300000|  0%| F|  |TAMS 0x0000000084200000, 0x0000000084200000| Untracked 
|  39|0x0000000084300000, 0x0000000084300000, 0x0000000084400000|  0%| F|  |TAMS 0x0000000084300000, 0x0000000084300000| Untracked 
|  40|0x0000000084400000, 0x0000000084400000, 0x0000000084500000|  0%| F|  |TAMS 0x0000000084400000, 0x0000000084400000| Untracked 
|  41|0x0000000084500000, 0x0000000084500000, 0x0000000084600000|  0%| F|  |TAMS 0x0000000084500000, 0x0000000084500000| Untracked 
|  42|0x0000000084600000, 0x0000000084600000, 0x0000000084700000|  0%| F|  |TAMS 0x0000000084600000, 0x0000000084600000| Untracked 
|  43|0x0000000084700000, 0x0000000084700000, 0x0000000084800000|  0%| F|  |TAMS 0x0000000084700000, 0x0000000084700000| Untracked 
|  44|0x0000000084800000, 0x0000000084800000, 0x0000000084900000|  0%| F|  |TAMS 0x0000000084800000, 0x0000000084800000| Untracked 
|  45|0x0000000084900000, 0x0000000084900000, 0x0000000084a00000|  0%| F|  |TAMS 0x0000000084900000, 0x0000000084900000| Untracked 
|  46|0x0000000084a00000, 0x0000000084a00000, 0x0000000084b00000|  0%| F|  |TAMS 0x0000000084a00000, 0x0000000084a00000| Untracked 
|  47|0x0000000084b00000, 0x0000000084b00000, 0x0000000084c00000|  0%| F|  |TAMS 0x0000000084b00000, 0x0000000084b00000| Untracked 
|  48|0x0000000084c00000, 0x0000000084c05e10, 0x0000000084d00000|  2%| S|CS|TAMS 0x0000000084c00000, 0x0000000084c00000| Complete 
|  49|0x0000000084d00000, 0x0000000084e00000, 0x0000000084e00000|100%| S|CS|TAMS 0x0000000084d00000, 0x0000000084d00000| Complete 
|  50|0x0000000084e00000, 0x0000000084f00000, 0x0000000084f00000|100%| S|CS|TAMS 0x0000000084e00000, 0x0000000084e00000| Complete 
|  51|0x0000000084f00000, 0x0000000084f00000, 0x0000000085000000|  0%| F|  |TAMS 0x0000000084f00000, 0x0000000084f00000| Untracked 
|  52|0x0000000085000000, 0x0000000085000000, 0x0000000085100000|  0%| F|  |TAMS 0x0000000085000000, 0x0000000085000000| Untracked 
|  53|0x0000000085100000, 0x0000000085100000, 0x0000000085200000|  0%| F|  |TAMS 0x0000000085100000, 0x0000000085100000| Untracked 
|  54|0x0000000085200000, 0x0000000085200000, 0x0000000085300000|  0%| F|  |TAMS 0x0000000085200000, 0x0000000085200000| Untracked 
|  55|0x0000000085300000, 0x0000000085300000, 0x0000000085400000|  0%| F|  |TAMS 0x0000000085300000, 0x0000000085300000| Untracked 
|  56|0x0000000085400000, 0x0000000085400000, 0x0000000085500000|  0%| F|  |TAMS 0x0000000085400000, 0x0000000085400000| Untracked 
|  57|0x0000000085500000, 0x0000000085500000, 0x0000000085600000|  0%| F|  |TAMS 0x0000000085500000, 0x0000000085500000| Untracked 
|  58|0x0000000085600000, 0x0000000085600000, 0x0000000085700000|  0%| F|  |TAMS 0x0000000085600000, 0x0000000085600000| Untracked 
|  59|0x0000000085700000, 0x0000000085700000, 0x0000000085800000|  0%| F|  |TAMS 0x0000000085700000, 0x0000000085700000| Untracked 
|  60|0x0000000085800000, 0x0000000085800000, 0x0000000085900000|  0%| F|  |TAMS 0x0000000085800000, 0x0000000085800000| Untracked 
|  61|0x0000000085900000, 0x0000000085900000, 0x0000000085a00000|  0%| F|  |TAMS 0x0000000085900000, 0x0000000085900000| Untracked 
|  62|0x0000000085a00000, 0x0000000085a00000, 0x0000000085b00000|  0%| F|  |TAMS 0x0000000085a00000, 0x0000000085a00000| Untracked 
|  63|0x0000000085b00000, 0x0000000085b00000, 0x0000000085c00000|  0%| F|  |TAMS 0x0000000085b00000, 0x0000000085b00000| Untracked 
|  64|0x0000000085c00000, 0x0000000085c00000, 0x0000000085d00000|  0%| F|  |TAMS 0x0000000085c00000, 0x0000000085c00000| Untracked 
|  65|0x0000000085d00000, 0x0000000085d00000, 0x0000000085e00000|  0%| F|  |TAMS 0x0000000085d00000, 0x0000000085d00000| Untracked 
|  66|0x0000000085e00000, 0x0000000085e00000, 0x0000000085f00000|  0%| F|  |TAMS 0x0000000085e00000, 0x0000000085e00000| Untracked 
|  67|0x0000000085f00000, 0x0000000085f00000, 0x0000000086000000|  0%| F|  |TAMS 0x0000000085f00000, 0x0000000085f00000| Untracked 
|  68|0x0000000086000000, 0x0000000086000000, 0x0000000086100000|  0%| F|  |TAMS 0x0000000086000000, 0x0000000086000000| Untracked 
|  69|0x0000000086100000, 0x0000000086100000, 0x0000000086200000|  0%| F|  |TAMS 0x0000000086100000, 0x0000000086100000| Untracked 
|  70|0x0000000086200000, 0x0000000086200000, 0x0000000086300000|  0%| F|  |TAMS 0x0000000086200000, 0x0000000086200000| Untracked 
|  71|0x0000000086300000, 0x0000000086300000, 0x0000000086400000|  0%| F|  |TAMS 0x0000000086300000, 0x0000000086300000| Untracked 
|  72|0x0000000086400000, 0x0000000086400000, 0x0000000086500000|  0%| F|  |TAMS 0x0000000086400000, 0x0000000086400000| Untracked 
|  73|0x0000000086500000, 0x0000000086500000, 0x0000000086600000|  0%| F|  |TAMS 0x0000000086500000, 0x0000000086500000| Untracked 
|  74|0x0000000086600000, 0x0000000086600000, 0x0000000086700000|  0%| F|  |TAMS 0x0000000086600000, 0x0000000086600000| Untracked 
|  75|0x0000000086700000, 0x0000000086700000, 0x0000000086800000|  0%| F|  |TAMS 0x0000000086700000, 0x0000000086700000| Untracked 
|  76|0x0000000086800000, 0x0000000086800000, 0x0000000086900000|  0%| F|  |TAMS 0x0000000086800000, 0x0000000086800000| Untracked 
|  77|0x0000000086900000, 0x0000000086900000, 0x0000000086a00000|  0%| F|  |TAMS 0x0000000086900000, 0x0000000086900000| Untracked 
|  78|0x0000000086a00000, 0x0000000086a00000, 0x0000000086b00000|  0%| F|  |TAMS 0x0000000086a00000, 0x0000000086a00000| Untracked 
|  79|0x0000000086b00000, 0x0000000086b00000, 0x0000000086c00000|  0%| F|  |TAMS 0x0000000086b00000, 0x0000000086b00000| Untracked 
|  80|0x0000000086c00000, 0x0000000086c00000, 0x0000000086d00000|  0%| F|  |TAMS 0x0000000086c00000, 0x0000000086c00000| Untracked 
|  81|0x0000000086d00000, 0x0000000086d00000, 0x0000000086e00000|  0%| F|  |TAMS 0x0000000086d00000, 0x0000000086d00000| Untracked 
|  82|0x0000000086e00000, 0x0000000086e00000, 0x0000000086f00000|  0%| F|  |TAMS 0x0000000086e00000, 0x0000000086e00000| Untracked 
|  83|0x0000000086f00000, 0x0000000086f00000, 0x0000000087000000|  0%| F|  |TAMS 0x0000000086f00000, 0x0000000086f00000| Untracked 
|  84|0x0000000087000000, 0x0000000087000000, 0x0000000087100000|  0%| F|  |TAMS 0x0000000087000000, 0x0000000087000000| Untracked 
|  85|0x0000000087100000, 0x0000000087100000, 0x0000000087200000|  0%| F|  |TAMS 0x0000000087100000, 0x0000000087100000| Untracked 
|  86|0x0000000087200000, 0x0000000087200000, 0x0000000087300000|  0%| F|  |TAMS 0x0000000087200000, 0x0000000087200000| Untracked 
|  87|0x0000000087300000, 0x0000000087300000, 0x0000000087400000|  0%| F|  |TAMS 0x0000000087300000, 0x0000000087300000| Untracked 
|  88|0x0000000087400000, 0x0000000087400000, 0x0000000087500000|  0%| F|  |TAMS 0x0000000087400000, 0x0000000087400000| Untracked 
|  89|0x0000000087500000, 0x0000000087500000, 0x0000000087600000|  0%| F|  |TAMS 0x0000000087500000, 0x0000000087500000| Untracked 
|  90|0x0000000087600000, 0x0000000087600000, 0x0000000087700000|  0%| F|  |TAMS 0x0000000087600000, 0x0000000087600000| Untracked 
|  91|0x0000000087700000, 0x0000000087700000, 0x0000000087800000|  0%| F|  |TAMS 0x0000000087700000, 0x0000000087700000| Untracked 
|  92|0x0000000087800000, 0x0000000087800000, 0x0000000087900000|  0%| F|  |TAMS 0x0000000087800000, 0x0000000087800000| Untracked 
|  93|0x0000000087900000, 0x0000000087900000, 0x0000000087a00000|  0%| F|  |TAMS 0x0000000087900000, 0x0000000087900000| Untracked 
|  94|0x0000000087a00000, 0x0000000087a00000, 0x0000000087b00000|  0%| F|  |TAMS 0x0000000087a00000, 0x0000000087a00000| Untracked 
|  95|0x0000000087b00000, 0x0000000087b00000, 0x0000000087c00000|  0%| F|  |TAMS 0x0000000087b00000, 0x0000000087b00000| Untracked 
|  96|0x0000000087c00000, 0x0000000087c00000, 0x0000000087d00000|  0%| F|  |TAMS 0x0000000087c00000, 0x0000000087c00000| Untracked 
|  97|0x0000000087d00000, 0x0000000087d00000, 0x0000000087e00000|  0%| F|  |TAMS 0x0000000087d00000, 0x0000000087d00000| Untracked 
|  98|0x0000000087e00000, 0x0000000087e00000, 0x0000000087f00000|  0%| F|  |TAMS 0x0000000087e00000, 0x0000000087e00000| Untracked 
|  99|0x0000000087f00000, 0x0000000087f00000, 0x0000000088000000|  0%| F|  |TAMS 0x0000000087f00000, 0x0000000087f00000| Untracked 
| 100|0x0000000088000000, 0x0000000088000000, 0x0000000088100000|  0%| F|  |TAMS 0x0000000088000000, 0x0000000088000000| Untracked 
| 101|0x0000000088100000, 0x0000000088100000, 0x0000000088200000|  0%| F|  |TAMS 0x0000000088100000, 0x0000000088100000| Untracked 
| 102|0x0000000088200000, 0x0000000088200000, 0x0000000088300000|  0%| F|  |TAMS 0x0000000088200000, 0x0000000088200000| Untracked 
| 103|0x0000000088300000, 0x0000000088300000, 0x0000000088400000|  0%| F|  |TAMS 0x0000000088300000, 0x0000000088300000| Untracked 
| 104|0x0000000088400000, 0x0000000088400000, 0x0000000088500000|  0%| F|  |TAMS 0x0000000088400000, 0x0000000088400000| Untracked 
| 105|0x0000000088500000, 0x0000000088500000, 0x0000000088600000|  0%| F|  |TAMS 0x0000000088500000, 0x0000000088500000| Untracked 
| 106|0x0000000088600000, 0x0000000088600000, 0x0000000088700000|  0%| F|  |TAMS 0x0000000088600000, 0x0000000088600000| Untracked 
| 107|0x0000000088700000, 0x0000000088700000, 0x0000000088800000|  0%| F|  |TAMS 0x0000000088700000, 0x0000000088700000| Untracked 
| 108|0x0000000088800000, 0x0000000088800000, 0x0000000088900000|  0%| F|  |TAMS 0x0000000088800000, 0x0000000088800000| Untracked 
| 109|0x0000000088900000, 0x0000000088900000, 0x0000000088a00000|  0%| F|  |TAMS 0x0000000088900000, 0x0000000088900000| Untracked 
| 110|0x0000000088a00000, 0x0000000088a00000, 0x0000000088b00000|  0%| F|  |TAMS 0x0000000088a00000, 0x0000000088a00000| Untracked 
| 111|0x0000000088b00000, 0x0000000088b00000, 0x0000000088c00000|  0%| F|  |TAMS 0x0000000088b00000, 0x0000000088b00000| Untracked 
| 112|0x0000000088c00000, 0x0000000088c00000, 0x0000000088d00000|  0%| F|  |TAMS 0x0000000088c00000, 0x0000000088c00000| Untracked 
| 113|0x0000000088d00000, 0x0000000088d00000, 0x0000000088e00000|  0%| F|  |TAMS 0x0000000088d00000, 0x0000000088d00000| Untracked 
| 114|0x0000000088e00000, 0x0000000088e00000, 0x0000000088f00000|  0%| F|  |TAMS 0x0000000088e00000, 0x0000000088e00000| Untracked 
| 115|0x0000000088f00000, 0x0000000088f00000, 0x0000000089000000|  0%| F|  |TAMS 0x0000000088f00000, 0x0000000088f00000| Untracked 
| 116|0x0000000089000000, 0x0000000089000000, 0x0000000089100000|  0%| F|  |TAMS 0x0000000089000000, 0x0000000089000000| Untracked 
| 117|0x0000000089100000, 0x0000000089100000, 0x0000000089200000|  0%| F|  |TAMS 0x0000000089100000, 0x0000000089100000| Untracked 
| 118|0x0000000089200000, 0x0000000089200000, 0x0000000089300000|  0%| F|  |TAMS 0x0000000089200000, 0x0000000089200000| Untracked 
| 119|0x0000000089300000, 0x0000000089300000, 0x0000000089400000|  0%| F|  |TAMS 0x0000000089300000, 0x0000000089300000| Untracked 
| 120|0x0000000089400000, 0x0000000089400000, 0x0000000089500000|  0%| F|  |TAMS 0x0000000089400000, 0x0000000089400000| Untracked 
| 121|0x0000000089500000, 0x0000000089500000, 0x0000000089600000|  0%| F|  |TAMS 0x0000000089500000, 0x0000000089500000| Untracked 
| 122|0x0000000089600000, 0x0000000089600000, 0x0000000089700000|  0%| F|  |TAMS 0x0000000089600000, 0x0000000089600000| Untracked 
| 127|0x0000000089b00000, 0x0000000089b00000, 0x0000000089c00000|  0%| F|  |TAMS 0x0000000089b00000, 0x0000000089b00000| Untracked 

Card table byte_map: [0x000001b8cc5e0000,0x000001b8cc9e0000] _byte_map_base: 0x000001b8cc1d2000

Marking Bits (Prev, Next): (CMBitMap*) 0x000001b8bfce9fc0, (CMBitMap*) 0x000001b8bfcea000
 Prev Bits: [0x000001b8ccde0000, 0x000001b8ced70000)
 Next Bits: [0x000001b8ced70000, 0x000001b8d0d00000)

Polling page: 0x000001b8bfa60000

Metaspace:

Usage:
  Non-class:     54.66 MB used.
      Class:      8.65 MB used.
       Both:     63.31 MB used.

Virtual space:
  Non-class space:       64.00 MB reserved,      54.94 MB ( 86%) committed,  1 nodes.
      Class space:        1.00 GB reserved,       8.88 MB ( <1%) committed,  1 nodes.
             Both:        1.06 GB reserved,      63.81 MB (  6%) committed. 

Chunk freelists:
   Non-Class:  8.33 MB
       Class:  7.12 MB
        Both:  15.45 MB

MaxMetaspaceSize: unlimited
CompressedClassSpaceSize: 1.00 GB
Initial GC threshold: 21.00 MB
Current GC threshold: 102.00 MB
CDS: on
MetaspaceReclaimPolicy: balanced
 - commit_granule_bytes: 65536.
 - commit_granule_words: 8192.
 - virtual_space_node_default_size: 8388608.
 - enlarge_chunks_in_place: 1.
 - new_chunks_are_fully_committed: 0.
 - uncommit_free_chunks: 1.
 - use_allocation_guard: 0.
 - handle_deallocations: 1.


Internal statistics:

num_allocs_failed_limit: 12.
num_arena_births: 760.
num_arena_deaths: 0.
num_vsnodes_births: 2.
num_vsnodes_deaths: 0.
num_space_committed: 1021.
num_space_uncommitted: 0.
num_chunks_returned_to_freelist: 12.
num_chunks_taken_from_freelist: 3078.
num_chunk_merges: 12.
num_chunk_splits: 2195.
num_chunks_enlarged: 1688.
num_inconsistent_stats: 0.

CodeCache: size=49152Kb used=14627Kb max_used=15071Kb free=34524Kb
 bounds [0x000001b8c8d30000, 0x000001b8c9bf0000, 0x000001b8cbd30000]
 total_blobs=8462 nmethods=7780 adapters=607
 compilation: enabled
              stopped_count=0, restarted_count=0
 full_count=0

Compilation events (20 events):
Event: 36.348 Thread 0x000001b8d3316e50 7776   !   1       org.springframework.beans.factory.support.DefaultSingletonBeanRegistry::registerDependentBean (115 bytes)
Event: 36.349 Thread 0x000001b8d3316e50 nmethod 7776 0x000001b8c9954c10 code [0x000001b8c9954e20, 0x000001b8c99553e8]
Event: 36.350 Thread 0x000001b91957c9e0 7777       1       org.springframework.core.MethodParameter::getGenericParameterType (147 bytes)
Event: 36.351 Thread 0x000001b8d3316e50 7778       1       java.util.stream.SpinedBuffer::capacity (38 bytes)
Event: 36.352 Thread 0x000001b8d3316e50 nmethod 7778 0x000001b8c9954790 code [0x000001b8c9954940, 0x000001b8c9954ab8]
Event: 36.352 Thread 0x000001b91957c9e0 nmethod 7777 0x000001b8c9953690 code [0x000001b8c99538e0, 0x000001b8c9954268]
Event: 36.368 Thread 0x000001b91957c9e0 7779       1       org.springframework.beans.factory.annotation.InitDestroyAnnotationBeanPostProcessor$$Lambda$735/0x000001b8d53e6c60::<init> (26 bytes)
Event: 36.368 Thread 0x000001b91957c9e0 nmethod 7779 0x000001b8c9953210 code [0x000001b8c99533a0, 0x000001b8c99535d8]
Event: 36.390 Thread 0x000001b8d3316e50 7780       1       org.springframework.util.AntPathMatcher::isPattern (74 bytes)
Event: 36.392 Thread 0x000001b8d3316e50 nmethod 7780 0x000001b8c9952a90 code [0x000001b8c9952c60, 0x000001b8c9952fd8]
Event: 36.403 Thread 0x000001b91957c9e0 7781   !   1       sun.nio.fs.WindowsDirectoryStream$WindowsDirectoryIterator::acceptEntry (71 bytes)
Event: 36.404 Thread 0x000001b91957c9e0 nmethod 7781 0x000001b8c9952090 code [0x000001b8c99522a0, 0x000001b8c9952758]
Event: 36.454 Thread 0x000001b8d3316e50 7782       1       org.springframework.beans.factory.support.AbstractBeanDefinition::prepareMethodOverrides (26 bytes)
Event: 36.455 Thread 0x000001b8d3316e50 nmethod 7782 0x000001b8c9951b90 code [0x000001b8c9951d40, 0x000001b8c9951ee8]
Event: 36.455 Thread 0x000001b91957c9e0 7783       1       org.springframework.web.context.support.ServletContextAwareProcessor::postProcessAfterInitialization (2 bytes)
Event: 36.456 Thread 0x000001b91957c9e0 nmethod 7783 0x000001b8c9951890 code [0x000001b8c9951a20, 0x000001b8c9951af8]
Event: 36.456 Thread 0x000001b91957c9e0 7784       1       org.springframework.context.support.ApplicationListenerDetector::postProcessAfterInitialization (109 bytes)
Event: 36.458 Thread 0x000001b91957c9e0 nmethod 7784 0x000001b8c9950b90 code [0x000001b8c9950dc0, 0x000001b8c99513c8]
Event: 36.461 Thread 0x000001b91957c9e0 7785       1       org.springframework.core.SerializableTypeWrapper$MethodParameterTypeProvider::getType (8 bytes)
Event: 36.461 Thread 0x000001b91957c9e0 nmethod 7785 0x000001b8c9950810 code [0x000001b8c99509a0, 0x000001b8c9950a88]

GC Heap History (20 events):
Event: 28.931 GC heap after
{Heap after GC invocations=17 (full 0):
 garbage-first heap   total 73728K, used 31071K [0x0000000081c00000, 0x0000000100000000)
  region size 1024K, 3 young (3072K), 3 survivors (3072K)
 Metaspace       used 51358K, committed 51840K, reserved 1114112K
  class space    used 6927K, committed 7168K, reserved 1048576K
}
Event: 29.771 GC heap before
{Heap before GC invocations=17 (full 0):
 garbage-first heap   total 73728K, used 58719K [0x0000000081c00000, 0x0000000100000000)
  region size 1024K, 30 young (30720K), 3 survivors (3072K)
 Metaspace       used 52020K, committed 52544K, reserved 1114112K
  class space    used 7031K, committed 7296K, reserved 1048576K
}
Event: 29.784 GC heap after
{Heap after GC invocations=18 (full 0):
 garbage-first heap   total 73728K, used 31355K [0x0000000081c00000, 0x0000000100000000)
  region size 1024K, 2 young (2048K), 2 survivors (2048K)
 Metaspace       used 52020K, committed 52544K, reserved 1114112K
  class space    used 7031K, committed 7296K, reserved 1048576K
}
Event: 31.153 GC heap before
{Heap before GC invocations=18 (full 0):
 garbage-first heap   total 73728K, used 59003K [0x0000000081c00000, 0x0000000100000000)
  region size 1024K, 29 young (29696K), 2 survivors (2048K)
 Metaspace       used 55649K, committed 56128K, reserved 1114112K
  class space    used 7536K, committed 7808K, reserved 1048576K
}
Event: 31.166 GC heap after
{Heap after GC invocations=19 (full 0):
 garbage-first heap   total 73728K, used 32757K [0x0000000081c00000, 0x0000000100000000)
  region size 1024K, 3 young (3072K), 3 survivors (3072K)
 Metaspace       used 55649K, committed 56128K, reserved 1114112K
  class space    used 7536K, committed 7808K, reserved 1048576K
}
Event: 32.177 GC heap before
{Heap before GC invocations=19 (full 0):
 garbage-first heap   total 73728K, used 59381K [0x0000000081c00000, 0x0000000100000000)
  region size 1024K, 29 young (29696K), 3 survivors (3072K)
 Metaspace       used 59254K, committed 59712K, reserved 1114112K
  class space    used 8005K, committed 8256K, reserved 1048576K
}
Event: 32.194 GC heap after
{Heap after GC invocations=20 (full 0):
 garbage-first heap   total 73728K, used 34831K [0x0000000081c00000, 0x0000000100000000)
  region size 1024K, 4 young (4096K), 4 survivors (4096K)
 Metaspace       used 59254K, committed 59712K, reserved 1114112K
  class space    used 8005K, committed 8256K, reserved 1048576K
}
Event: 32.400 GC heap before
{Heap before GC invocations=20 (full 0):
 garbage-first heap   total 73728K, used 46095K [0x0000000081c00000, 0x0000000100000000)
  region size 1024K, 17 young (17408K), 4 survivors (4096K)
 Metaspace       used 60059K, committed 60480K, reserved 1114112K
  class space    used 8104K, committed 8320K, reserved 1048576K
}
Event: 32.414 GC heap after
{Heap after GC invocations=21 (full 0):
 garbage-first heap   total 89088K, used 35416K [0x0000000081c00000, 0x0000000100000000)
  region size 1024K, 3 young (3072K), 3 survivors (3072K)
 Metaspace       used 60059K, committed 60480K, reserved 1114112K
  class space    used 8104K, committed 8320K, reserved 1048576K
}
Event: 33.190 GC heap before
{Heap before GC invocations=22 (full 0):
 garbage-first heap   total 89088K, used 72280K [0x0000000081c00000, 0x0000000100000000)
  region size 1024K, 39 young (39936K), 3 survivors (3072K)
 Metaspace       used 61690K, committed 62208K, reserved 1114112K
  class space    used 8441K, committed 8704K, reserved 1048576K
}
Event: 33.198 GC heap after
{Heap after GC invocations=23 (full 0):
 garbage-first heap   total 89088K, used 36661K [0x0000000081c00000, 0x0000000100000000)
  region size 1024K, 4 young (4096K), 4 survivors (4096K)
 Metaspace       used 61690K, committed 62208K, reserved 1114112K
  class space    used 8441K, committed 8704K, reserved 1048576K
}
Event: 33.217 GC heap before
{Heap before GC invocations=23 (full 0):
 garbage-first heap   total 89088K, used 37685K [0x0000000081c00000, 0x0000000100000000)
  region size 1024K, 5 young (5120K), 4 survivors (4096K)
 Metaspace       used 61690K, committed 62208K, reserved 1114112K
  class space    used 8441K, committed 8704K, reserved 1048576K
}
Event: 33.225 GC heap after
{Heap after GC invocations=24 (full 0):
 garbage-first heap   total 89088K, used 36347K [0x0000000081c00000, 0x0000000100000000)
  region size 1024K, 1 young (1024K), 1 survivors (1024K)
 Metaspace       used 61690K, committed 62208K, reserved 1114112K
  class space    used 8441K, committed 8704K, reserved 1048576K
}
Event: 33.492 GC heap before
{Heap before GC invocations=24 (full 0):
 garbage-first heap   total 89088K, used 72187K [0x0000000081c00000, 0x0000000100000000)
  region size 1024K, 36 young (36864K), 1 survivors (1024K)
 Metaspace       used 61831K, committed 62336K, reserved 1114112K
  class space    used 8456K, committed 8704K, reserved 1048576K
}
Event: 33.495 GC heap after
{Heap after GC invocations=25 (full 0):
 garbage-first heap   total 89088K, used 36454K [0x0000000081c00000, 0x0000000100000000)
  region size 1024K, 1 young (1024K), 1 survivors (1024K)
 Metaspace       used 61831K, committed 62336K, reserved 1114112K
  class space    used 8456K, committed 8704K, reserved 1048576K
}
Event: 33.840 GC heap before
{Heap before GC invocations=26 (full 0):
 garbage-first heap   total 89088K, used 73318K [0x0000000081c00000, 0x0000000100000000)
  region size 1024K, 37 young (37888K), 1 survivors (1024K)
 Metaspace       used 62223K, committed 62784K, reserved 1114112K
  class space    used 8503K, committed 8768K, reserved 1048576K
}
Event: 33.844 GC heap after
{Heap after GC invocations=27 (full 0):
 garbage-first heap   total 89088K, used 37162K [0x0000000081c00000, 0x0000000100000000)
  region size 1024K, 2 young (2048K), 2 survivors (2048K)
 Metaspace       used 62223K, committed 62784K, reserved 1114112K
  class space    used 8503K, committed 8768K, reserved 1048576K
}
Event: 33.851 GC heap before
{Heap before GC invocations=27 (full 0):
 garbage-first heap   total 89088K, used 39210K [0x0000000081c00000, 0x0000000100000000)
  region size 1024K, 4 young (4096K), 2 survivors (2048K)
 Metaspace       used 62223K, committed 62784K, reserved 1114112K
  class space    used 8503K, committed 8768K, reserved 1048576K
}
Event: 33.857 GC heap after
{Heap after GC invocations=28 (full 0):
 garbage-first heap   total 89088K, used 37376K [0x0000000081c00000, 0x0000000100000000)
  region size 1024K, 1 young (1024K), 1 survivors (1024K)
 Metaspace       used 62223K, committed 62784K, reserved 1114112K
  class space    used 8503K, committed 8768K, reserved 1048576K
}
Event: 36.618 GC heap before
{Heap before GC invocations=28 (full 0):
 garbage-first heap   total 89088K, used 73216K [0x0000000081c00000, 0x0000000100000000)
  region size 1024K, 36 young (36864K), 1 survivors (1024K)
 Metaspace       used 64830K, committed 65344K, reserved 1114112K
  class space    used 8862K, committed 9088K, reserved 1048576K
}

Deoptimization events (20 events):
Event: 36.439 Thread 0x000001b8bfc90050 DEOPT PACKING pc=0x000001b8c92d51cc sp=0x0000001e097f3cb0
Event: 36.439 Thread 0x000001b8bfc90050 DEOPT UNPACKING pc=0x000001b8c8d82b43 sp=0x0000001e097f3228 mode 1
Event: 36.439 Thread 0x000001b8bfc90050 DEOPT PACKING pc=0x000001b8c92d51cc sp=0x0000001e097f3cb0
Event: 36.439 Thread 0x000001b8bfc90050 DEOPT UNPACKING pc=0x000001b8c8d82b43 sp=0x0000001e097f3228 mode 1
Event: 36.454 Thread 0x000001b8bfc90050 DEOPT PACKING pc=0x000001b8c92d51cc sp=0x0000001e097f4890
Event: 36.454 Thread 0x000001b8bfc90050 DEOPT UNPACKING pc=0x000001b8c8d82b43 sp=0x0000001e097f3e08 mode 1
Event: 36.454 Thread 0x000001b8bfc90050 DEOPT PACKING pc=0x000001b8c92d51cc sp=0x0000001e097f4890
Event: 36.454 Thread 0x000001b8bfc90050 DEOPT UNPACKING pc=0x000001b8c8d82b43 sp=0x0000001e097f3e08 mode 1
Event: 36.495 Thread 0x000001b8bfc90050 DEOPT PACKING pc=0x000001b8c92d51cc sp=0x0000001e097f4890
Event: 36.495 Thread 0x000001b8bfc90050 DEOPT UNPACKING pc=0x000001b8c8d82b43 sp=0x0000001e097f3e08 mode 1
Event: 36.495 Thread 0x000001b8bfc90050 DEOPT PACKING pc=0x000001b8c92d51cc sp=0x0000001e097f4890
Event: 36.495 Thread 0x000001b8bfc90050 DEOPT UNPACKING pc=0x000001b8c8d82b43 sp=0x0000001e097f3e08 mode 1
Event: 36.535 Thread 0x000001b8bfc90050 DEOPT PACKING pc=0x000001b8c92d51cc sp=0x0000001e097f4890
Event: 36.535 Thread 0x000001b8bfc90050 DEOPT UNPACKING pc=0x000001b8c8d82b43 sp=0x0000001e097f3e08 mode 1
Event: 36.535 Thread 0x000001b8bfc90050 DEOPT PACKING pc=0x000001b8c92d51cc sp=0x0000001e097f4890
Event: 36.535 Thread 0x000001b8bfc90050 DEOPT UNPACKING pc=0x000001b8c8d82b43 sp=0x0000001e097f3e08 mode 1
Event: 36.539 Thread 0x000001b8bfc90050 DEOPT PACKING pc=0x000001b8c92d51cc sp=0x0000001e097f6110
Event: 36.539 Thread 0x000001b8bfc90050 DEOPT UNPACKING pc=0x000001b8c8d82b43 sp=0x0000001e097f5688 mode 1
Event: 36.539 Thread 0x000001b8bfc90050 DEOPT PACKING pc=0x000001b8c92d51cc sp=0x0000001e097f6110
Event: 36.539 Thread 0x000001b8bfc90050 DEOPT UNPACKING pc=0x000001b8c8d82b43 sp=0x0000001e097f5688 mode 1

Classes unloaded (0 events):
No events

Classes redefined (0 events):
No events

Internal exceptions (20 events):
Event: 32.749 Thread 0x000001b8bfc90050 Exception <a 'java/lang/NoSuchMethodError'{0x0000000086a2bdd0}: 'long java.lang.invoke.DirectMethodHandle$Holder.invokeVirtual(java.lang.Object, java.lang.Object)'> (0x0000000086a2bdd0) 
thrown [s\open\src\hotspot\share\interpreter\linkResolver.cpp, line 759]
Event: 32.931 Thread 0x000001b8bfc90050 Exception <a 'java/lang/reflect/InvocationTargetException'{0x000000008620a998}> (0x000000008620a998) 
thrown [s\open\src\hotspot\share\runtime\reflection.cpp, line 1121]
Event: 32.983 Thread 0x000001b8bfc90050 Exception <a 'java/lang/reflect/InvocationTargetException'{0x000000008604d690}> (0x000000008604d690) 
thrown [s\open\src\hotspot\share\runtime\reflection.cpp, line 1121]
Event: 33.000 Thread 0x000001b8bfc90050 Exception <a 'java/lang/NoSuchMethodError'{0x00000000860a6768}: 'int java.lang.invoke.DirectMethodHandle$Holder.invokeStatic(java.lang.Object, java.lang.Object, int)'> (0x00000000860a6768) 
thrown [s\open\src\hotspot\share\interpreter\linkResolver.cpp, line 759]
Event: 33.006 Thread 0x000001b8bfc90050 Exception <a 'java/lang/NoSuchMethodError'{0x00000000860ca318}: 'java.lang.Object java.lang.invoke.DirectMethodHandle$Holder.newInvokeSpecial(java.lang.Object, java.lang.Object, int)'> (0x00000000860ca318) 
thrown [s\open\src\hotspot\share\interpreter\linkResolver.cpp, line 759]
Event: 33.017 Thread 0x000001b8bfc90050 Exception <a 'java/lang/IncompatibleClassChangeError'{0x00000000860fdbc0}: Found class java.lang.Object, but interface was expected> (0x00000000860fdbc0) 
thrown [s\open\src\hotspot\share\interpreter\linkResolver.cpp, line 826]
Event: 33.119 Thread 0x000001b8bfc90050 Exception <a 'java/lang/reflect/InvocationTargetException'{0x000000008530c9a0}> (0x000000008530c9a0) 
thrown [s\open\src\hotspot\share\runtime\reflection.cpp, line 1121]
Event: 33.134 Thread 0x000001b8bfc90050 Exception <a 'java/lang/NoSuchMethodError'{0x00000000853a5d70}: 'java.lang.Object java.lang.invoke.DirectMethodHandle$Holder.invokeStatic(java.lang.Object, int, java.lang.Object)'> (0x00000000853a5d70) 
thrown [s\open\src\hotspot\share\interpreter\linkResolver.cpp, line 759]
Event: 33.181 Thread 0x000001b8bfc90050 Exception <a 'java/lang/reflect/InvocationTargetException'{0x0000000084c35588}> (0x0000000084c35588) 
thrown [s\open\src\hotspot\share\runtime\reflection.cpp, line 1121]
Event: 33.285 Thread 0x000001b8bfc90050 Exception <a 'java/lang/reflect/InvocationTargetException'{0x00000000862b9ed0}> (0x00000000862b9ed0) 
thrown [s\open\src\hotspot\share\runtime\reflection.cpp, line 1121]
Event: 33.288 Thread 0x000001b8bfc90050 Exception <a 'java/lang/reflect/InvocationTargetException'{0x00000000862c6408}> (0x00000000862c6408) 
thrown [s\open\src\hotspot\share\runtime\reflection.cpp, line 1121]
Event: 33.290 Thread 0x000001b8bfc90050 Exception <a 'java/lang/reflect/InvocationTargetException'{0x00000000862d2530}> (0x00000000862d2530) 
thrown [s\open\src\hotspot\share\runtime\reflection.cpp, line 1121]
Event: 33.291 Thread 0x000001b8bfc90050 Exception <a 'java/lang/reflect/InvocationTargetException'{0x00000000862dc638}> (0x00000000862dc638) 
thrown [s\open\src\hotspot\share\runtime\reflection.cpp, line 1121]
Event: 33.296 Thread 0x000001b8bfc90050 Exception <a 'java/lang/reflect/InvocationTargetException'{0x00000000862fdbc0}> (0x00000000862fdbc0) 
thrown [s\open\src\hotspot\share\runtime\reflection.cpp, line 1121]
Event: 33.299 Thread 0x000001b8bfc90050 Exception <a 'java/lang/reflect/InvocationTargetException'{0x000000008610e790}> (0x000000008610e790) 
thrown [s\open\src\hotspot\share\runtime\reflection.cpp, line 1121]
Event: 33.301 Thread 0x000001b8bfc90050 Exception <a 'java/lang/reflect/InvocationTargetException'{0x00000000861197f8}> (0x00000000861197f8) 
thrown [s\open\src\hotspot\share\runtime\reflection.cpp, line 1121]
Event: 33.303 Thread 0x000001b8bfc90050 Exception <a 'java/lang/reflect/InvocationTargetException'{0x0000000086124ba0}> (0x0000000086124ba0) 
thrown [s\open\src\hotspot\share\runtime\reflection.cpp, line 1121]
Event: 33.318 Thread 0x000001b8bfc90050 Exception <a 'java/lang/reflect/InvocationTargetException'{0x0000000086143978}> (0x0000000086143978) 
thrown [s\open\src\hotspot\share\runtime\reflection.cpp, line 1121]
Event: 33.319 Thread 0x000001b8bfc90050 Exception <a 'java/lang/reflect/InvocationTargetException'{0x000000008614da98}> (0x000000008614da98) 
thrown [s\open\src\hotspot\share\runtime\reflection.cpp, line 1121]
Event: 33.519 Thread 0x000001b8bfc90050 Exception <a 'java/lang/reflect/InvocationTargetException'{0x00000000894a1c08}> (0x00000000894a1c08) 
thrown [s\open\src\hotspot\share\runtime\reflection.cpp, line 1121]

VM Operations (20 events):
Event: 32.763 Executing VM operation: HandshakeAllThreads done
Event: 33.190 Executing VM operation: G1CollectForAllocation
Event: 33.198 Executing VM operation: G1CollectForAllocation done
Event: 33.217 Executing VM operation: G1CollectForAllocation
Event: 33.225 Executing VM operation: G1CollectForAllocation done
Event: 33.491 Executing VM operation: G1CollectForAllocation
Event: 33.495 Executing VM operation: G1CollectForAllocation done
Event: 33.584 Executing VM operation: G1Concurrent
Event: 33.590 Executing VM operation: G1Concurrent done
Event: 33.636 Executing VM operation: G1Concurrent
Event: 33.636 Executing VM operation: G1Concurrent done
Event: 33.840 Executing VM operation: G1CollectForAllocation
Event: 33.844 Executing VM operation: G1CollectForAllocation done
Event: 33.851 Executing VM operation: G1CollectForAllocation
Event: 33.857 Executing VM operation: G1CollectForAllocation done
Event: 34.864 Executing VM operation: Cleanup
Event: 34.864 Executing VM operation: Cleanup done
Event: 35.644 Executing VM operation: HandshakeAllThreads
Event: 35.644 Executing VM operation: HandshakeAllThreads done
Event: 36.618 Executing VM operation: G1CollectForAllocation

Events (20 events):
Event: 36.589 loading class com/fasterxml/jackson/databind/introspect/NopAnnotationIntrospector$1
Event: 36.589 loading class com/fasterxml/jackson/databind/introspect/NopAnnotationIntrospector$1 done
Event: 36.590 loading class com/fasterxml/jackson/module/paramnames/ParameterExtractor
Event: 36.590 loading class com/fasterxml/jackson/module/paramnames/ParameterExtractor done
Event: 36.592 loading class com/fasterxml/jackson/databind/introspect/AnnotationIntrospectorPair
Event: 36.592 loading class com/fasterxml/jackson/databind/introspect/AnnotationIntrospectorPair done
Event: 36.603 loading class org/springframework/http/converter/json/SpringHandlerInstantiator
Event: 36.603 loading class org/springframework/http/converter/json/SpringHandlerInstantiator done
Event: 36.613 loading class com/fasterxml/jackson/databind/InjectableValues
Event: 36.613 loading class com/fasterxml/jackson/databind/InjectableValues done
Event: 36.613 loading class com/fasterxml/jackson/core/FormatSchema
Event: 36.613 loading class com/fasterxml/jackson/core/FormatSchema done
Event: 36.614 loading class com/fasterxml/jackson/databind/ObjectWriter
Event: 36.614 loading class com/fasterxml/jackson/databind/ObjectWriter done
Event: 36.616 loading class com/fasterxml/jackson/core/type/TypeReference
Event: 36.616 loading class com/fasterxml/jackson/core/type/TypeReference done
Event: 36.617 loading class com/fasterxml/jackson/databind/cfg/MutableConfigOverride
Event: 36.617 loading class com/fasterxml/jackson/databind/cfg/MutableConfigOverride done
Event: 36.617 loading class com/fasterxml/jackson/annotation/JsonAutoDetect$Value
Event: 36.617 loading class com/fasterxml/jackson/annotation/JsonAutoDetect$Value done


Dynamic libraries:
0x00007ff7df620000 - 0x00007ff7df630000 	C:\Program Files\Java\jdk-17\bin\java.exe
0x00007ffa11cf0000 - 0x00007ffa11ee8000 	C:\Windows\SYSTEM32\ntdll.dll
0x00007ffa11460000 - 0x00007ffa11522000 	C:\Windows\System32\KERNEL32.DLL
0x00007ffa0f6c0000 - 0x00007ffa0f9bf000 	C:\Windows\System32\KERNELBASE.dll
0x00007ffa0f390000 - 0x00007ffa0f490000 	C:\Windows\System32\ucrtbase.dll
0x00007ff9e81d0000 - 0x00007ff9e81eb000 	C:\Program Files\Java\jdk-17\bin\VCRUNTIME140.dll
0x00007ff9e81b0000 - 0x00007ff9e81c9000 	C:\Program Files\Java\jdk-17\bin\jli.dll
0x00007ffa0fdd0000 - 0x00007ffa0fe7f000 	C:\Windows\System32\ADVAPI32.dll
0x00007ffa10940000 - 0x00007ffa109de000 	C:\Windows\System32\msvcrt.dll
0x00007ffa0fd10000 - 0x00007ffa0fdaf000 	C:\Windows\System32\sechost.dll
0x00007ffa10630000 - 0x00007ffa10753000 	C:\Windows\System32\RPCRT4.dll
0x00007ffa0f530000 - 0x00007ffa0f557000 	C:\Windows\System32\bcrypt.dll
0x00007ffa11250000 - 0x00007ffa113ed000 	C:\Windows\System32\USER32.dll
0x00007ffa0fb70000 - 0x00007ffa0fb92000 	C:\Windows\System32\win32u.dll
0x00007ffa11bd0000 - 0x00007ffa11bfb000 	C:\Windows\System32\GDI32.dll
0x00007ffa0fa50000 - 0x00007ffa0fb6a000 	C:\Windows\System32\gdi32full.dll
0x00007ffa0f490000 - 0x00007ffa0f52d000 	C:\Windows\System32\msvcp_win.dll
0x00007ffa0e750000 - 0x00007ffa0e9ea000 	C:\Windows\WinSxS\amd64_microsoft.windows.common-controls_6595b64144ccf1df_6.0.19041.4355_none_60b8b9eb71f62e16\COMCTL32.dll
0x00007ffa0c060000 - 0x00007ffa0c06a000 	C:\Windows\SYSTEM32\VERSION.dll
0x00007ffa10490000 - 0x00007ffa104bf000 	C:\Windows\System32\IMM32.DLL
0x00007ffa079b0000 - 0x00007ffa079bc000 	C:\Program Files\Java\jdk-17\bin\vcruntime140_1.dll
0x00007ff9d3ce0000 - 0x00007ff9d3d6e000 	C:\Program Files\Java\jdk-17\bin\msvcp140.dll
0x00007ff995e10000 - 0x00007ff9969f0000 	C:\Program Files\Java\jdk-17\bin\server\jvm.dll
0x00007ffa11530000 - 0x00007ffa11538000 	C:\Windows\System32\PSAPI.DLL
0x00007ffa0d340000 - 0x00007ffa0d349000 	C:\Windows\SYSTEM32\WSOCK32.dll
0x00007ffa113f0000 - 0x00007ffa1145b000 	C:\Windows\System32\WS2_32.dll
0x00007ffa0d390000 - 0x00007ffa0d3b7000 	C:\Windows\SYSTEM32\WINMM.dll
0x00007ffa0c400000 - 0x00007ffa0c412000 	C:\Windows\SYSTEM32\kernel.appcore.dll
0x00007ff9fc070000 - 0x00007ff9fc07a000 	C:\Program Files\Java\jdk-17\bin\jimage.dll
0x00007ffa0ecf0000 - 0x00007ffa0eed4000 	C:\Windows\SYSTEM32\DBGHELP.DLL
0x00007ffa0ecb0000 - 0x00007ffa0ece4000 	C:\Windows\SYSTEM32\dbgcore.DLL
0x00007ffa0f9c0000 - 0x00007ffa0fa42000 	C:\Windows\System32\bcryptPrimitives.dll
0x00007ff9d4b20000 - 0x00007ff9d4b5b000 	C:\Program Files\Java\jdk-17\bin\jdwp.dll
0x00007ff9f77c0000 - 0x00007ff9f77ce000 	C:\Program Files\Java\jdk-17\bin\instrument.dll
0x00007ff9e7f70000 - 0x00007ff9e7f95000 	C:\Program Files\Java\jdk-17\bin\java.dll
0x00007ff9cf350000 - 0x00007ff9cf427000 	C:\Program Files\Java\jdk-17\bin\jsvml.dll
0x00007ffa10a60000 - 0x00007ffa111cd000 	C:\Windows\System32\SHELL32.dll
0x00007ffa0c600000 - 0x00007ffa0cda4000 	C:\Windows\SYSTEM32\windows.storage.dll
0x00007ffa11610000 - 0x00007ffa11965000 	C:\Windows\System32\combase.dll
0x00007ffa0e6b0000 - 0x00007ffa0e6df000 	C:\Windows\SYSTEM32\Wldp.dll
0x00007ffa11540000 - 0x00007ffa1160d000 	C:\Windows\System32\OLEAUT32.dll
0x00007ffa11c00000 - 0x00007ffa11cad000 	C:\Windows\System32\SHCORE.dll
0x00007ffa10760000 - 0x00007ffa107b5000 	C:\Windows\System32\shlwapi.dll
0x00007ffa0f2c0000 - 0x00007ffa0f2e4000 	C:\Windows\SYSTEM32\profapi.dll
0x00007ff9f6900000 - 0x00007ff9f690c000 	C:\Program Files\Java\jdk-17\bin\dt_socket.dll
0x00007ffa0e0e0000 - 0x00007ffa0e11b000 	C:\Windows\SYSTEM32\IPHLPAPI.DLL
0x00007ffa0e3c0000 - 0x00007ffa0e42c000 	C:\Windows\system32\mswsock.dll
0x00007ff9d4bd0000 - 0x00007ff9d4be8000 	C:\Program Files\Java\jdk-17\bin\zip.dll
0x00007ff9e1670000 - 0x00007ff9e1689000 	C:\Program Files\Java\jdk-17\bin\net.dll
0x00007ffa077f0000 - 0x00007ffa078fa000 	C:\Windows\SYSTEM32\WINHTTP.dll
0x00007ff9d4bf0000 - 0x00007ff9d4c06000 	C:\Program Files\Java\jdk-17\bin\nio.dll
0x00007ffa0e120000 - 0x00007ffa0e1ea000 	C:\Windows\SYSTEM32\DNSAPI.dll
0x00007ffa0fdc0000 - 0x00007ffa0fdc8000 	C:\Windows\System32\NSI.dll
0x00007ffa02300000 - 0x00007ffa0230a000 	C:\Windows\System32\rasadhlp.dll
0x00007ffa021e0000 - 0x00007ffa02260000 	C:\Windows\System32\fwpuclnt.dll
0x00007ff9f3be0000 - 0x00007ff9f3bea000 	C:\Program Files\Java\jdk-17\bin\management.dll
0x00007ff9f37f0000 - 0x00007ff9f37fb000 	C:\Program Files\Java\jdk-17\bin\management_ext.dll
0x00007ffa0f090000 - 0x00007ffa0f0a8000 	C:\Windows\SYSTEM32\CRYPTSP.dll
0x00007ffa0dd80000 - 0x00007ffa0ddb4000 	C:\Windows\system32\rsaenh.dll
0x00007ffa0f240000 - 0x00007ffa0f26e000 	C:\Windows\SYSTEM32\USERENV.dll
0x00007ffa0e640000 - 0x00007ffa0e64c000 	C:\Windows\SYSTEM32\CRYPTBASE.dll
0x00007ffa07f30000 - 0x00007ffa07f47000 	C:\Windows\SYSTEM32\dhcpcsvc6.DLL
0x00007ffa08c70000 - 0x00007ffa08c8d000 	C:\Windows\SYSTEM32\dhcpcsvc.DLL
0x00007ff9e9310000 - 0x00007ff9e9327000 	C:\Windows\system32\napinsp.dll
0x00007ff9e92f0000 - 0x00007ff9e930b000 	C:\Windows\system32\pnrpnsp.dll
0x00007ff9e92d0000 - 0x00007ff9e92e5000 	C:\Windows\system32\wshbth.dll
0x00007ffa09a70000 - 0x00007ffa09a8d000 	C:\Windows\system32\NLAapi.dll
0x00007ff9e92b0000 - 0x00007ff9e92c2000 	C:\Windows\System32\winrnr.dll
0x00007ff9f0b60000 - 0x00007ff9f0b6e000 	C:\Program Files\Java\jdk-17\bin\sunmscapi.dll
0x00007ffa0f560000 - 0x00007ffa0f6bc000 	C:\Windows\System32\CRYPT32.dll
0x00007ffa0e720000 - 0x00007ffa0e747000 	C:\Windows\SYSTEM32\ncrypt.dll
0x00007ffa0e6e0000 - 0x00007ffa0e71b000 	C:\Windows\SYSTEM32\NTASN1.dll

dbghelp: loaded successfully - version: 4.0.5 - missing functions: none
symbol engine: initialized successfully - sym options: 0x614 - pdb path: .;C:\Program Files\Java\jdk-17\bin;C:\Windows\SYSTEM32;C:\Windows\WinSxS\amd64_microsoft.windows.common-controls_6595b64144ccf1df_6.0.19041.4355_none_60b8b9eb71f62e16;C:\Program Files\Java\jdk-17\bin\server

VM Arguments:
jvm_args: -agentlib:jdwp=transport=dt_socket,address=127.0.0.1:55024,suspend=y,server=n -XX:TieredStopAtLevel=1 -Xverify:none -Dspring.output.ansi.enabled=always -javaagent:C:\Users\HP\AppData\Local\JetBrains\IntelliJIdea2021.1\captureAgent\debugger-agent.jar=file:/C:/Users/HP/AppData/Local/Temp/capture.props -Dcom.sun.management.jmxremote -Dspring.jmx.enabled=true -Dspring.liveBeansView.mbeanDomain -Dspring.application.admin.enabled=true -Dfile.encoding=UTF-8 
java_command: com.online.education.UserMicroserviceApplication
java_class_path (initial): C:\Users\HP\IdeaProjects\online-education\user-microservice\target\classes;C:\Users\HP\.m2\repository\org\springframework\cloud\spring-cloud-starter-config\4.0.3\spring-cloud-starter-config-4.0.3.jar;C:\Users\HP\.m2\repository\org\springframework\cloud\spring-cloud-starter\4.0.3\spring-cloud-starter-4.0.3.jar;C:\Users\HP\.m2\repository\org\springframework\cloud\spring-cloud-context\4.0.3\spring-cloud-context-4.0.3.jar;C:\Users\HP\.m2\repository\org\springframework\cloud\spring-cloud-commons\4.0.3\spring-cloud-commons-4.0.3.jar;C:\Users\HP\.m2\repository\org\springframework\security\spring-security-rsa\1.0.11.RELEASE\spring-security-rsa-1.0.11.RELEASE.jar;C:\Users\HP\.m2\repository\org\bouncycastle\bcpkix-jdk15on\1.69\bcpkix-jdk15on-1.69.jar;C:\Users\HP\.m2\repository\org\bouncycastle\bcprov-jdk15on\1.69\bcprov-jdk15on-1.69.jar;C:\Users\HP\.m2\repository\org\bouncycastle\bcutil-jdk15on\1.69\bcutil-jdk15on-1.69.jar;C:\Users\HP\.m2\repository\org\springframework\cloud\spring-cloud-config-client\4.0.3\spring-cloud-config-client-4.0.3.jar;C:\Users\HP\.m2\repository\org\springframework\boot\spring-boot-autoconfigure\3.0.10\spring-boot-autoconfigure-3.0.10.jar;C:\Users\HP\.m2\repository\org\apache\httpcomponents\client5\httpclient5\5.1.4\httpclient5-5.1.4.jar;C:\Users\HP\.m2\repository\org\apache\httpcomponents\core5\httpcore5\5.1.5\httpcore5-5.1.5.jar;C:\Users\HP\.m2\repository\org\apache\httpcomponents\core5\httpcore5-h2\5.1.5\httpcore5-h2-5.1.5.jar;C:\Users\HP\.m2\repository\commons-codec\commons-codec\1.15\commons-codec-1.15.jar;C:\Users\HP\.m2\repository\com\fasterxml\jackson\core\jackson-databind\2.14.3\jackson-databind-2.14.3.jar;C:\Users\HP\.m2\repository\com\fasterxml\jackson\core\jackson-core\2.14.3\jackson-core-2.14.3.jar;C:\Users\HP\.m2\repository\org\springframework\boot\spring-boot-starter-web\3.0.10\spring-boot-starter-web-3.0.10.jar;C:\Users\HP\.m2\repository\org\springframework\boot\spring-boot-starter\3.0.10\spring-boot-starte
Launcher Type: SUN_STANDARD

[Global flags]
     intx CICompilerCount                          = 3                                         {product} {ergonomic}
     uint ConcGCThreads                            = 1                                         {product} {ergonomic}
     uint G1ConcRefinementThreads                  = 4                                         {product} {ergonomic}
   size_t G1HeapRegionSize                         = 1048576                                   {product} {ergonomic}
    uintx GCDrainStackTargetSize                   = 64                                        {product} {ergonomic}
   size_t InitialHeapSize                          = 134217728                                 {product} {ergonomic}
     bool ManagementServer                         = true                                      {product} {command line}
   size_t MarkStackSize                            = 4194304                                   {product} {ergonomic}
   size_t MaxHeapSize                              = 2118123520                                {product} {ergonomic}
   size_t MaxNewSize                               = 1270874112                                {product} {ergonomic}
   size_t MinHeapDeltaBytes                        = 1048576                                   {product} {ergonomic}
   size_t MinHeapSize                              = 8388608                                   {product} {ergonomic}
    uintx NonProfiledCodeHeapSize                  = 0                                      {pd product} {ergonomic}
     bool ProfileInterpreter                       = false                                  {pd product} {command line}
    uintx ProfiledCodeHeapSize                     = 0                                      {pd product} {ergonomic}
   size_t SoftMaxHeapSize                          = 2118123520                             {manageable} {ergonomic}
     intx TieredStopAtLevel                        = 1                                         {product} {command line}
     bool UseCompressedClassPointers               = true                           {product lp64_product} {ergonomic}
     bool UseCompressedOops                        = true                           {product lp64_product} {ergonomic}
     bool UseG1GC                                  = true                                      {product} {ergonomic}
     bool UseLargePagesIndividualAllocation        = false                                  {pd product} {ergonomic}

Logging:
Log output configuration:
 #0: stdout all=warning uptime,level,tags
 #1: stderr all=off uptime,level,tags

Environment Variables:
PATH=C:\Program Files\Common Files\Oracle\Java\javapath;C:\Windows\system32;C:\Windows;C:\Windows\System32\Wbem;C:\Windows\System32\WindowsPowerShell\v1.0\;C:\Windows\System32\OpenSSH\;C:\Program Files\Git\cmd;C:\Program Files\nodejs\;C:\ProgramData\chocolatey\bin;C:\Program Files\MySQL\MySQL Server 8.0\bin;C:\Program Files\MySQL\MySQL Shell 8.0\bin\;C:\Program Files\Common Files\Oracle\Java\javapath;C:\Windows\system32;C:\Windows;C:\Windows\System32\Wbem;C:\Windows\System32\WindowsPowerShell\v1.0\;C:\Windows\System32\OpenSSH\;C:\Program Files\Git\cmd;C:\Program Files\nodejs\;C:\ProgramData\chocolatey\bin;C:\Program Files\MySQL\MySQL Server 8.0\bin;;C:\ProgramData\chocolatey\bin;C:\Users\HP\AppData\Local\Programs\Microsoft VS Code\bin;C:\Users\HP\AppData\Roaming\npm;C:\Program Files\JetBrains\IntelliJ IDEA Community Edition 2025.1.1.1\bin;;C:\Users\HP\AppData\Local\GitHubDesktop\bin;C:\Program Files\JetBrains\IntelliJ IDEA 2021.1\bin;
USERNAME=HP
OS=Windows_NT
PROCESSOR_IDENTIFIER=Intel64 Family 6 Model 78 Stepping 3, GenuineIntel



---------------  S Y S T E M  ---------------

OS:
 Windows 10 , 64 bit Build 19041 (10.0.19041.5438)
OS uptime: 7 days 20:16 hours

CPU: total 4 (initial active 4) (2 cores per cpu, 2 threads per core) family 6 model 78 stepping 3 microcode 0xcc, cx8, cmov, fxsr, ht, mmx, 3dnowpref, sse, sse2, sse3, ssse3, sse4.1, sse4.2, popcnt, lzcnt, tsc, tscinvbit, avx, avx2, aes, erms, clmul, bmi1, bmi2, adx, fma, vzeroupper, clflush, clflushopt

Memory: 4k page, system-wide physical 8072M (501M free)
TotalPageFile size 20498M (AvailPageFile size 2M)
current process WorkingSet (physical memory assigned to process): 239M, peak: 239M
current process commit charge ("private bytes"): 310M, peak: 314M

vm_info: Java HotSpot(TM) 64-Bit Server VM (17.0.12+8-LTS-286) for windows-amd64 JRE (17.0.12+8-LTS-286), built on Jun  5 2024 06:46:59 by "mach5one" with MS VC++ 17.6 (VS2022)

END.
